Component: Arm Compiler for Embedded 6.19 Tool: armlink [5e73cb00]

==============================================================================

Section Cross References

    startup_stm32f407xx.o(STACK) refers (Special) to heapauxi.o(.text) for __use_two_region_memory
    startup_stm32f407xx.o(HEAP) refers (Special) to heapauxi.o(.text) for __use_two_region_memory
    startup_stm32f407xx.o(RESET) refers (Special) to heapauxi.o(.text) for __use_two_region_memory
    startup_stm32f407xx.o(RESET) refers to startup_stm32f407xx.o(STACK) for __initial_sp
    startup_stm32f407xx.o(RESET) refers to startup_stm32f407xx.o(.text) for Reset_Handler
    startup_stm32f407xx.o(RESET) refers to stm32f4xx_it.o(.text.NMI_Handler) for NMI_Handler
    startup_stm32f407xx.o(RESET) refers to stm32f4xx_it.o(.text.HardFault_Handler) for HardFault_Handler
    startup_stm32f407xx.o(RESET) refers to stm32f4xx_it.o(.text.MemManage_Handler) for MemManage_Handler
    startup_stm32f407xx.o(RESET) refers to stm32f4xx_it.o(.text.BusFault_Handler) for BusFault_Handler
    startup_stm32f407xx.o(RESET) refers to stm32f4xx_it.o(.text.UsageFault_Handler) for UsageFault_Handler
    startup_stm32f407xx.o(RESET) refers to stm32f4xx_it.o(.text.SVC_Handler) for SVC_Handler
    startup_stm32f407xx.o(RESET) refers to stm32f4xx_it.o(.text.DebugMon_Handler) for DebugMon_Handler
    startup_stm32f407xx.o(RESET) refers to stm32f4xx_it.o(.text.PendSV_Handler) for PendSV_Handler
    startup_stm32f407xx.o(RESET) refers to stm32f4xx_it.o(.text.SysTick_Handler) for SysTick_Handler
    startup_stm32f407xx.o(RESET) refers to stm32f4xx_it.o(.text.OTG_FS_IRQHandler) for OTG_FS_IRQHandler
    startup_stm32f407xx.o(.text) refers (Special) to heapauxi.o(.text) for __use_two_region_memory
    startup_stm32f407xx.o(.text) refers to system_stm32f4xx.o(.text.SystemInit) for SystemInit
    startup_stm32f407xx.o(.text) refers to __main.o(!!!main) for __main
    startup_stm32f407xx.o(.text) refers to startup_stm32f407xx.o(HEAP) for Heap_Mem
    startup_stm32f407xx.o(.text) refers to startup_stm32f407xx.o(STACK) for Stack_Mem
    main.o(.text.main) refers to stm32f4xx_hal.o(.text.HAL_Init) for HAL_Init
    main.o(.text.main) refers to main.o(.text.SystemClock_Config) for SystemClock_Config
    main.o(.text.main) refers to stm32f4xx_hal_gpio.o(.text.HAL_GPIO_WritePin) for HAL_GPIO_WritePin
    main.o(.text.main) refers to stm32f4xx_hal_gpio.o(.text.HAL_GPIO_Init) for HAL_GPIO_Init
    main.o(.text.main) refers to main.o(.bss.hi2c1) for hi2c1
    main.o(.text.main) refers to stm32f4xx_hal_i2c.o(.text.HAL_I2C_Init) for HAL_I2C_Init
    main.o(.text.main) refers to main.o(.bss.hi2s3) for hi2s3
    main.o(.text.main) refers to stm32f4xx_hal_i2s.o(.text.HAL_I2S_Init) for HAL_I2S_Init
    main.o(.text.main) refers to main.o(.bss.hspi1) for hspi1
    main.o(.text.main) refers to stm32f4xx_hal_spi.o(.text.HAL_SPI_Init) for HAL_SPI_Init
    main.o(.text.main) refers to usb_host.o(.text.MX_USB_HOST_Init) for MX_USB_HOST_Init
    main.o(.text.main) refers to main.o(.bss.htim10) for htim10
    main.o(.text.main) refers to stm32f4xx_hal_tim.o(.text.HAL_TIM_Base_Init) for HAL_TIM_Base_Init
    main.o(.text.main) refers to stm32f4xx_hal_tim.o(.text.HAL_TIM_PWM_Init) for HAL_TIM_PWM_Init
    main.o(.text.main) refers to stm32f4xx_hal_tim.o(.text.HAL_TIM_PWM_ConfigChannel) for HAL_TIM_PWM_ConfigChannel
    main.o(.text.main) refers to stm32f4xx_hal_msp.o(.text.HAL_TIM_MspPostInit) for HAL_TIM_MspPostInit
    main.o(.text.main) refers to stm32f4xx_hal_tim.o(.text.HAL_TIM_PWM_Start) for HAL_TIM_PWM_Start
    main.o(.text.main) refers to usb_host.o(.text.MX_USB_HOST_Process) for MX_USB_HOST_Process
    main.o(.ARM.exidx.text.main) refers to main.o(.text.main) for [Anonymous Symbol]
    main.o(.text.SystemClock_Config) refers to stm32f4xx_hal_rcc.o(.text.HAL_RCC_OscConfig) for HAL_RCC_OscConfig
    main.o(.text.SystemClock_Config) refers to stm32f4xx_hal_rcc.o(.text.HAL_RCC_ClockConfig) for HAL_RCC_ClockConfig
    main.o(.text.SystemClock_Config) refers to stm32f4xx_hal_rcc.o(.text.HAL_RCC_EnableCSS) for HAL_RCC_EnableCSS
    main.o(.ARM.exidx.text.SystemClock_Config) refers to main.o(.text.SystemClock_Config) for [Anonymous Symbol]
    main.o(.ARM.exidx.text.Error_Handler) refers to main.o(.text.Error_Handler) for [Anonymous Symbol]
    stm32f4xx_it.o(.text.NMI_Handler) refers to stm32f4xx_hal_rcc.o(.text.HAL_RCC_NMI_IRQHandler) for HAL_RCC_NMI_IRQHandler
    stm32f4xx_it.o(.ARM.exidx.text.NMI_Handler) refers to stm32f4xx_it.o(.text.NMI_Handler) for [Anonymous Symbol]
    stm32f4xx_it.o(.ARM.exidx.text.HardFault_Handler) refers to stm32f4xx_it.o(.text.HardFault_Handler) for [Anonymous Symbol]
    stm32f4xx_it.o(.ARM.exidx.text.MemManage_Handler) refers to stm32f4xx_it.o(.text.MemManage_Handler) for [Anonymous Symbol]
    stm32f4xx_it.o(.ARM.exidx.text.BusFault_Handler) refers to stm32f4xx_it.o(.text.BusFault_Handler) for [Anonymous Symbol]
[...]
    [Anonymous Symbol]                       0x08001884   Section        0  stm32f4xx_hal_msp.o(.text.HAL_I2S_MspInit)
    [Anonymous Symbol]                       0x08001940   Section        0  stm32f4xx_hal_i2s.o(.text.HAL_I2S_RxCpltCallback)
    [Anonymous Symbol]                       0x08001944   Section        0  stm32f4xx_hal_i2s.o(.text.HAL_I2S_TxCpltCallback)
    [Anonymous Symbol]                       0x08001948   Section        0  stm32f4xx_hal.o(.text.HAL_IncTick)
    [Anonymous Symbol]                       0x08001964   Section        0  stm32f4xx_hal.o(.text.HAL_Init)
    [Anonymous Symbol]                       0x0800199c   Section        0  stm32f4xx_hal.o(.text.HAL_InitTick)
    [Anonymous Symbol]                       0x080019e4   Section        0  stm32f4xx_hal_msp.o(.text.HAL_MspInit)
    [Anonymous Symbol]                       0x08001a20   Section        0  stm32f4xx_hal_cortex.o(.text.HAL_NVIC_EnableIRQ)
    [Anonymous Symbol]                       0x08001a48   Section        0  stm32f4xx_hal_cortex.o(.text.HAL_NVIC_SetPriority)
    [Anonymous Symbol]                       0x08001aa0   Section        0  stm32f4xx_hal_cortex.o(.text.HAL_NVIC_SetPriorityGrouping)
    [Anonymous Symbol]                       0x08001ac0   Section        0  stm32f4xx_hal_rcc_ex.o(.text.HAL_RCCEx_GetPeriphCLKFreq)
    [Anonymous Symbol]                       0x08001b10   Section        0  stm32f4xx_hal_rcc_ex.o(.text.HAL_RCCEx_PeriphCLKConfig)
    [Anonymous Symbol]                       0x08001c5c   Section        0  stm32f4xx_hal_rcc.o(.text.HAL_RCC_CSSCallback)
    [Anonymous Symbol]                       0x08001c60   Section        0  stm32f4xx_hal_rcc.o(.text.HAL_RCC_ClockConfig)
    [Anonymous Symbol]                       0x08001dc0   Section        0  stm32f4xx_hal_rcc.o(.text.HAL_RCC_EnableCSS)
    [Anonymous Symbol]                       0x08001dcc   Section        0  stm32f4xx_hal_rcc.o(.text.HAL_RCC_GetPCLK1Freq)
    [Anonymous Symbol]                       0x08001df4   Section        0  stm32f4xx_hal_rcc.o(.text.HAL_RCC_GetSysClockFreq)
    [Anonymous Symbol]                       0x08001e60   Section        0  stm32f4xx_hal_rcc.o(.text.HAL_RCC_NMI_IRQHandler)
    [Anonymous Symbol]                       0x08001e7c   Section        0  stm32f4xx_hal_rcc.o(.text.HAL_RCC_OscConfig)
    [Anonymous Symbol]                       0x080021f0   Section        0  stm32f4xx_hal_spi.o(.text.HAL_SPI_Init)
    [Anonymous Symbol]                       0x080022a4   Section        0  stm32f4xx_hal_msp.o(.text.HAL_SPI_MspInit)
    [Anonymous Symbol]                       0x0800230c   Section        0  stm32f4xx_hal_cortex.o(.text.HAL_SYSTICK_Config)
    [Anonymous Symbol]                       0x08002338   Section        0  stm32f4xx_hal_tim.o(.text.HAL_TIM_Base_Init)
    [Anonymous Symbol]                       0x08002394   Section        0  stm32f4xx_hal_msp.o(.text.HAL_TIM_Base_MspInit)
    [Anonymous Symbol]                       0x080023cc   Section        0  stm32f4xx_hal_msp.o(.text.HAL_TIM_MspPostInit)
    [Anonymous Symbol]                       0x08002424   Section        0  stm32f4xx_hal_tim.o(.text.HAL_TIM_PWM_ConfigChannel)
    [Anonymous Symbol]                       0x08002648   Section        0  stm32f4xx_hal_tim.o(.text.HAL_TIM_PWM_Init)
    [Anonymous Symbol]                       0x080026a4   Section        0  stm32f4xx_hal_tim.o(.text.HAL_TIM_PWM_MspInit)
    [Anonymous Symbol]                       0x080026a8   Section        0  stm32f4xx_hal_tim.o(.text.HAL_TIM_PWM_Start)
    [Anonymous Symbol]                       0x080027bc   Section        0  stm32f4xx_it.o(.text.HardFault_Handler)
    I2S_IRQHandler                           0x080027c1   Thumb Code   260  stm32f4xx_hal_i2s.o(.text.I2S_IRQHandler)
    [Anonymous Symbol]                       0x080027c0   Section        0  stm32f4xx_hal_i2s.o(.text.I2S_IRQHandler)
    [Anonymous Symbol]                       0x080028c4   Section        0  usbh_platform.o(.text.MX_DriverVbusFS)
    [Anonymous Symbol]                       0x080028dc   Section        0  usb_host.o(.text.MX_USB_HOST_Init)
    [Anonymous Symbol]                       0x08002934   Section        0  usb_host.o(.text.MX_USB_HOST_Process)
    [Anonymous Symbol]                       0x08002940   Section        0  stm32f4xx_it.o(.text.MemManage_Handler)
    [Anonymous Symbol]                       0x08002944   Section        0  stm32f4xx_it.o(.text.NMI_Handler)
    [Anonymous Symbol]                       0x0800294c   Section        0  stm32f4xx_it.o(.text.OTG_FS_IRQHandler)
    [Anonymous Symbol]                       0x08002958   Section        0  stm32f4xx_it.o(.text.PendSV_Handler)
    [Anonymous Symbol]                       0x0800295c   Section        0  stm32f4xx_it.o(.text.SVC_Handler)
    [Anonymous Symbol]                       0x08002960   Section        0  stm32f4xx_it.o(.text.SysTick_Handler)
    [Anonymous Symbol]                       0x08002964   Section        0  main.o(.text.SystemClock_Config)
    [Anonymous Symbol]                       0x08002a14   Section        0  system_stm32f4xx.o(.text.SystemInit)
    [Anonymous Symbol]                       0x08002a28   Section        0  stm32f4xx_hal_tim.o(.text.TIM_Base_SetConfig)
    [Anonymous Symbol]                       0x08002b64   Section        0  usbh_pipes.o(.text.USBH_AllocPipe)
    [Anonymous Symbol]                       0x08002c38   Section        0  usbh_ioreq.o(.text.USBH_BulkReceiveData)
    [Anonymous Symbol]                       0x08002c60   Section        0  usbh_ioreq.o(.text.USBH_BulkSendData)
    USBH_CDC_ClassRequest                    0x08002c95   Thumb Code    62  usbh_cdc.o(.text.USBH_CDC_ClassRequest)
    [Anonymous Symbol]                       0x08002c94   Section        0  usbh_cdc.o(.text.USBH_CDC_ClassRequest)
    USBH_CDC_InterfaceDeInit                 0x08002cd5   Thumb Code   100  usbh_cdc.o(.text.USBH_CDC_InterfaceDeInit)
    [Anonymous Symbol]                       0x08002cd4   Section        0  usbh_cdc.o(.text.USBH_CDC_InterfaceDeInit)
    USBH_CDC_InterfaceInit                   0x08002d39   Thumb Code   350  usbh_cdc.o(.text.USBH_CDC_InterfaceInit)
    [Anonymous Symbol]                       0x08002d38   Section        0  usbh_cdc.o(.text.USBH_CDC_InterfaceInit)
    [Anonymous Symbol]                       0x08002e98   Section        0  usbh_cdc.o(.text.USBH_CDC_LineCodingChanged)
    USBH_CDC_Process                         0x08002e9d   Thumb Code   428  usbh_cdc.o(.text.USBH_CDC_Process)
    [Anonymous Symbol]                       0x08002e9c   Section        0  usbh_cdc.o(.text.USBH_CDC_Process)
    [Anonymous Symbol]                       0x08003048   Section        0  usbh_cdc.o(.text.USBH_CDC_ReceiveCallback)
    USBH_CDC_SOFProcess                      0x0800304d   Thumb Code     4  usbh_cdc.o(.text.USBH_CDC_SOFProcess)
    [Anonymous Symbol]                       0x0800304c   Section        0  usbh_cdc.o(.text.USBH_CDC_SOFProcess)
    [Anonymous Symbol]                       0x08003050   Section        0  usbh_cdc.o(.text.USBH_CDC_TransmitCallback)
    [Anonymous Symbol]                       0x08003054   Section        0  usbh_pipes.o(.text.USBH_ClosePipe)
    [Anonymous Symbol]                       0x08003060   Section        0  usbh_ctlreq.o(.text.USBH_ClrFeature)
    [Anonymous Symbol]                       0x0800307c   Section        0  usbh_ioreq.o(.text.USBH_CtlReceiveData)
    [Anonymous Symbol]                       0x080030a4   Section        0  usbh_ctlreq.o(.text.USBH_CtlReq)
    [Anonymous Symbol]                       0x0800329c   Section        0  usbh_ioreq.o(.text.USBH_CtlSendData)
    [Anonymous Symbol]                       0x080032d0   Section        0  usbh_ioreq.o(.text.USBH_CtlSendSetup)
    [Anonymous Symbol]                       0x080032f4   Section        0  usbh_conf.o(.text.USBH_Delay)
    [Anonymous Symbol]                       0x080032f8   Section        0  usbh_core.o(.text.USBH_FindInterface)
    [Anonymous Symbol]                       0x0800340c   Section        0  usbh_pipes.o(.text.USBH_FreePipe)
    [Anonymous Symbol]                       0x08003424   Section        0  usbh_ctlreq.o(.text.USBH_Get_CfgDesc)
    [Anonymous Symbol]                       0x08003678   Section        0  usbh_ctlreq.o(.text.USBH_Get_DevDesc)
    [Anonymous Symbol]                       0x08003714   Section        0  usbh_ctlreq.o(.text.USBH_Get_StringDesc)
    [Anonymous Symbol]                       0x080037bc   Section        0  usbh_core.o(.text.USBH_Init)
    [Anonymous Symbol]                       0x08003824   Section        0  usbh_conf.o(.text.USBH_LL_ClosePipe)
    [Anonymous Symbol]                       0x08003848   Section        0  usbh_core.o(.text.USBH_LL_Connect)
    [Anonymous Symbol]                       0x08003860   Section        0  usbh_core.o(.text.USBH_LL_Disconnect)
    [Anonymous Symbol]                       0x08003890   Section        0  usbh_conf.o(.text.USBH_LL_DriverVBUS)
    [Anonymous Symbol]                       0x080038ac   Section        0  usbh_conf.o(.text.USBH_LL_GetLastXferSize)
    [Anonymous Symbol]                       0x080038b4   Section        0  usbh_conf.o(.text.USBH_LL_GetSpeed)
    [Anonymous Symbol]                       0x080038c8   Section        0  usbh_conf.o(.text.USBH_LL_GetURBState)
    [Anonymous Symbol]                       0x080038d0   Section        0  usbh_core.o(.text.USBH_LL_IncTimer)
    [Anonymous Symbol]                       0x080038f0   Section        0  usbh_conf.o(.text.USBH_LL_Init)
    [Anonymous Symbol]                       0x0800394c   Section        0  usbh_conf.o(.text.USBH_LL_OpenPipe)
    [Anonymous Symbol]                       0x08003980   Section        0  usbh_core.o(.text.USBH_LL_PortDisabled)
    [Anonymous Symbol]                       0x08003988   Section        0  usbh_core.o(.text.USBH_LL_PortEnabled)
    [Anonymous Symbol]                       0x08003990   Section        0  usbh_conf.o(.text.USBH_LL_ResetPort)
    [Anonymous Symbol]                       0x080039b4   Section        0  usbh_core.o(.text.USBH_LL_SetTimer)
    [Anonymous Symbol]                       0x080039bc   Section        0  usbh_conf.o(.text.USBH_LL_SetToggle)
    [Anonymous Symbol]                       0x080039dc   Section        0  usbh_conf.o(.text.USBH_LL_Start)
    [Anonymous Symbol]                       0x08003a00   Section        0  usbh_conf.o(.text.USBH_LL_Stop)
    [Anonymous Symbol]                       0x08003a24   Section        0  usbh_conf.o(.text.USBH_LL_SubmitURB)
    [Anonymous Symbol]                       0x08003a5c   Section        0  usbh_pipes.o(.text.USBH_OpenPipe)
    [Anonymous Symbol]                       0x08003a78   Section        0  usbh_core.o(.text.USBH_Process)
    [Anonymous Symbol]                       0x08003f30   Section        0  usbh_core.o(.text.USBH_RegisterClass)
    [Anonymous Symbol]                       0x08003f4c   Section        0  usbh_core.o(.text.USBH_SelectInterface)
    [Anonymous Symbol]                       0x08003f60   Section        0  usbh_ctlreq.o(.text.USBH_SetAddress)
    [Anonymous Symbol]                       0x08003f7c   Section        0  usbh_ctlreq.o(.text.USBH_SetCfg)
    [Anonymous Symbol]                       0x08003f98   Section        0  usbh_ctlreq.o(.text.USBH_SetFeature)
    [Anonymous Symbol]                       0x08003fb4   Section        0  usbh_core.o(.text.USBH_Start)
    USBH_UserProcess                         0x08003fc9   Thumb Code    58  usb_host.o(.text.USBH_UserProcess)
    [Anonymous Symbol]                       0x08003fc8   Section        0  usb_host.o(.text.USBH_UserProcess)
    [Anonymous Symbol]                       0x08004004   Section        0  stm32f4xx_ll_usb.o(.text.USB_CoreInit)
    [Anonymous Symbol]                       0x080041e4   Section        0  stm32f4xx_ll_usb.o(.text.USB_DisableGlobalInt)
    [Anonymous Symbol]                       0x080041f4   Section        0  stm32f4xx_ll_usb.o(.text.USB_DriveVbus)
    [Anonymous Symbol]                       0x08004240   Section        0  stm32f4xx_ll_usb.o(.text.USB_EnableGlobalInt)
    [Anonymous Symbol]                       0x08004250   Section        0  stm32f4xx_ll_usb.o(.text.USB_FlushRxFifo)
    [Anonymous Symbol]                       0x08004308   Section        0  stm32f4xx_ll_usb.o(.text.USB_FlushTxFifo)
    [Anonymous Symbol]                       0x080043c0   Section        0  stm32f4xx_ll_usb.o(.text.USB_GetCurrentFrame)
    [Anonymous Symbol]                       0x080043c8   Section        0  stm32f4xx_ll_usb.o(.text.USB_GetHostSpeed)
    [Anonymous Symbol]                       0x080043e0   Section        0  stm32f4xx_ll_usb.o(.text.USB_GetMode)
    [Anonymous Symbol]                       0x080043e8   Section        0  stm32f4xx_ll_usb.o(.text.USB_HC_Halt)
    [Anonymous Symbol]                       0x08004548   Section        0  stm32f4xx_ll_usb.o(.text.USB_HC_Init)
    [Anonymous Symbol]                       0x08004660   Section        0  stm32f4xx_ll_usb.o(.text.USB_HC_ReadInterrupt)
    [Anonymous Symbol]                       0x08004668   Section        0  stm32f4xx_ll_usb.o(.text.USB_HC_StartXfer)
    [Anonymous Symbol]                       0x08004840   Section        0  stm32f4xx_ll_usb.o(.text.USB_HostInit)
    [Anonymous Symbol]                       0x08004ab4   Section        0  stm32f4xx_ll_usb.o(.text.USB_InitFSLSPClkSel)
    [Anonymous Symbol]                       0x08004aec   Section        0  stm32f4xx_ll_usb.o(.text.USB_ReadInterrupts)
    [Anonymous Symbol]                       0x08004af4   Section        0  stm32f4xx_ll_usb.o(.text.USB_ReadPacket)
    [Anonymous Symbol]                       0x08004ba0   Section        0  stm32f4xx_ll_usb.o(.text.USB_ResetPort)
    [Anonymous Symbol]                       0x08004be0   Section        0  stm32f4xx_ll_usb.o(.text.USB_SetCurrentMode)
    [Anonymous Symbol]                       0x08004c44   Section        0  stm32f4xx_ll_usb.o(.text.USB_StopHost)
    [Anonymous Symbol]                       0x08005564   Section        0  stm32f4xx_it.o(.text.UsageFault_Handler)
    [Anonymous Symbol]                       0x08005568   Section        0  main.o(.text.main)
    $v0                                      0x08005840   Number         0  fpinit.o(x$fpl$fpinit)
    x$fpl$fpinit                             0x08005840   Section       26  fpinit.o(x$fpl$fpinit)
    [Anonymous Symbol]                       0x08005872   Section        0  usbh_cdc.o(.rodata.str1.1)
    .L_MergedGlobals                         0x20000000   Data           8  stm32f4xx_hal.o(.data..L_MergedGlobals)
    [Anonymous Symbol]                       0x20000000   Section        0  stm32f4xx_hal.o(.data..L_MergedGlobals)
    .bss                                     0x20000030   Section       96  libspace.o(.bss)
    Heap_Mem                                 0x200008b0   Data         512  startup_stm32f407xx.o(HEAP)
    HEAP                                     0x200008b0   Section      512  startup_stm32f407xx.o(HEAP)
    Stack_Mem                                0x20000ab0   Data        1024  startup_stm32f407xx.o(STACK)
    STACK                                    0x20000ab0   Section     1024  startup_stm32f407xx.o(STACK)
    __initial_sp                             0x20000eb0   Data           0  startup_stm32f407xx.o(STACK)

    Global Symbols

    Symbol Name                              Value     Ov Type        Size  Object(Section)

    BuildAttributes$$THM_ISAv4$E$P$D$K$B$S$7EM$VFPi3$EXTD16$VFPS$VFMA$PE$A:L22UL41UL21$X:L11$S22US41US21$IEEE1$IW$~IW$USESV6$~STKCKD$USESV7$~SHL$OTIME$ROPI$EBA8$UX$STANDARDLIB$REQ8$PRES8$EABIv2 0x00000000   Number         0  anon$$obj.o ABSOLUTE
    __ARM_exceptions_init                     - Undefined Weak Reference
    __alloca_initialize                       - Undefined Weak Reference
    __arm_preinit_                            - Undefined Weak Reference
    __arm_relocate_pie_                       - Undefined Weak Reference
    __cpp_initialize__aeabi_                  - Undefined Weak Reference
    __cxa_finalize                            - Undefined Weak Reference
    __rt_locale                               - Undefined Weak Reference
    __sigvec_lookup                           - Undefined Weak Reference
    __user_heap_extent                        - Undefined Weak Reference
    _atexit_init                              - Undefined Weak Reference
    _call_atexit_fns                          - Undefined Weak Reference
    _clock_init                               - Undefined Weak Reference
    _fp_trap_init                             - Undefined Weak Reference
    _fp_trap_shutdown                         - Undefined Weak Reference
    _get_lc_collate                           - Undefined Weak Reference
    _get_lc_ctype                             - Undefined Weak Reference
    _get_lc_monetary                          - Undefined Weak Reference
    _get_lc_numeric                           - Undefined Weak Reference
    _get_lc_time                              - Undefined Weak Reference
    _getenv_init                              - Undefined Weak Reference
    _handle_redirection                       - Undefined Weak Reference
    _initio                                   - Undefined Weak Reference
    _mutex_acquire                            - Undefined Weak Reference
    _mutex_free                               - Undefined Weak Reference
    _mutex_release                            - Undefined Weak Reference
    _rand_init                                - Undefined Weak Reference
    _signal_finish                            - Undefined Weak Reference
    _signal_init                              - Undefined Weak Reference
    _terminateio                              - Undefined Weak Reference
    __Vectors_Size                           0x00000188   Number         0  startup_stm32f407xx.o ABSOLUTE
    __Vectors                                0x08000000   Data           4  startup_stm32f407xx.o(RESET)
    __Vectors_End                            0x08000188   Data           0  startup_stm32f407xx.o(RESET)
    __main                                   0x08000189   Thumb Code     8  __main.o(!!!main)
    __scatterload                            0x08000191   Thumb Code     0  __scatter.o(!!!scatter)
    __scatterload_rt2                        0x08000191   Thumb Code    44  __scatter.o(!!!scatter)
    __scatterload_rt2_thumb_only             0x08000191   Thumb Code     0  __scatter.o(!!!scatter)
    __scatterload_null                       0x0800019f   Thumb Code     0  __scatter.o(!!!scatter)
    __scatterload_copy                       0x080001c5   Thumb Code    26  __scatter_copy.o(!!handler_copy)
    __scatterload_zeroinit                   0x080001e1   Thumb Code    28  __scatter_zi.o(!!handler_zi)
    __rt_lib_init                            0x080001fd   Thumb Code     0  libinit.o(.ARM.Collect$$libinit$$00000000)
    __rt_lib_init_fp_1                       0x080001ff   Thumb Code     0  libinit2.o(.ARM.Collect$$libinit$$00000001)
    __rt_lib_init_heap_2                     0x08000203   Thumb Code     0  libinit2.o(.ARM.Collect$$libinit$$00000007)
    __rt_lib_init_preinit_1                  0x08000203   Thumb Code     0  libinit2.o(.ARM.Collect$$libinit$$00000006)
    __rt_lib_init_relocate_pie_1             0x08000203   Thumb Code     0  libinit2.o(.ARM.Collect$$libinit$$00000004)
    __rt_lib_init_alloca_1                   0x0800020b   Thumb Code     0  libinit2.o(.ARM.Collect$$libinit$$00000030)
    __rt_lib_init_argv_1                     0x0800020b   Thumb Code     0  libinit2.o(.ARM.Collect$$libinit$$0000002E)
    __rt_lib_init_atexit_1                   0x0800020b   Thumb Code     0  libinit2.o(.ARM.Collect$$libinit$$0000001D)
    __rt_lib_init_clock_1                    0x0800020b   Thumb Code     0  libinit2.o(.ARM.Collect$$libinit$$00000023)
    __rt_lib_init_cpp_1                      0x0800020b   Thumb Code     0  libinit2.o(.ARM.Collect$$libinit$$00000034)
    __rt_lib_init_exceptions_1               0x0800020b   Thumb Code     0  libinit2.o(.ARM.Collect$$libinit$$00000032)
    __rt_lib_init_fp_trap_1                  0x0800020b   Thumb Code     0  libinit2.o(.ARM.Collect$$libinit$$00000021)
    __rt_lib_init_getenv_1                   0x0800020b   Thumb Code     0  libinit2.o(.ARM.Collect$$libinit$$00000025)
    __rt_lib_init_heap_1                     0x0800020b   Thumb Code     0  libinit2.o(.ARM.Collect$$libinit$$0000000C)
    __rt_lib_init_lc_collate_1               0x0800020b   Thumb Code     0  libinit2.o(.ARM.Collect$$libinit$$00000013)
    __rt_lib_init_lc_ctype_1                 0x0800020b   Thumb Code     0  libinit2.o(.ARM.Collect$$libinit$$00000015)
    __rt_lib_init_lc_monetary_1              0x0800020b   Thumb Code     0  libinit2.o(.ARM.Collect$$libinit$$00000017)
    __rt_lib_init_lc_numeric_1               0x0800020b   Thumb Code     0  libinit2.o(.ARM.Collect$$libinit$$00000019)
    __rt_lib_init_lc_time_1                  0x0800020b   Thumb Code     0  libinit2.o(.ARM.Collect$$libinit$$0000001B)
    __rt_lib_init_rand_1                     0x0800020b   Thumb Code     0  libinit2.o(.ARM.Collect$$libinit$$00000010)
    __rt_lib_init_return                     0x0800020b   Thumb Code     0  libinit2.o(.ARM.Collect$$libinit$$00000035)
    __rt_lib_init_signal_1                   0x0800020b   Thumb Code     0  libinit2.o(.ARM.Collect$$libinit$$0000001F)
    __rt_lib_init_stdio_1                    0x0800020b   Thumb Code     0  libinit2.o(.ARM.Collect$$libinit$$00000027)
    __rt_lib_init_user_alloc_1               0x0800020b   Thumb Code     0  libinit2.o(.ARM.Collect$$libinit$$0000000E)
    __rt_lib_shutdown                        0x0800020d   Thumb Code     0  libshutdown.o(.ARM.Collect$$libshutdown$$00000000)
    __rt_lib_shutdown_cpp_1                  0x0800020f   Thumb Code     0  libshutdown2.o(.ARM.Collect$$libshutdown$$00000002)
    __rt_lib_shutdown_fp_trap_1              0x0800020f   Thumb Code     0  libshutdown2.o(.ARM.Collect$$libshutdown$$00000007)
    __rt_lib_shutdown_heap_1                 0x0800020f   Thumb Code     0  libshutdown2.o(.ARM.Collect$$libshutdown$$0000000F)
    __rt_lib_shutdown_return                 0x0800020f   Thumb Code     0  libshutdown2.o(.ARM.Collect$$libshutdown$$00000010)
    __rt_lib_shutdown_signal_1               0x0800020f   Thumb Code     0  libshutdown2.o(.ARM.Collect$$libshutdown$$0000000A)
    __rt_lib_shutdown_stdio_1                0x0800020f   Thumb Code     0  libshutdown2.o(.ARM.Collect$$libshutdown$$00000004)
    __rt_lib_shutdown_user_alloc_1           0x0800020f   Thumb Code     0  libshutdown2.o(.ARM.Collect$$libshutdown$$0000000C)
    __rt_entry                               0x08000211   Thumb Code     0  __rtentry.o(.ARM.Collect$$rtentry$$00000000)
    __rt_entry_presh_1                       0x08000211   Thumb Code     0  __rtentry2.o(.ARM.Collect$$rtentry$$00000002)
    __rt_entry_sh                            0x08000211   Thumb Code     0  __rtentry4.o(.ARM.Collect$$rtentry$$00000004)
    __rt_entry_li                            0x08000217   Thumb Code     0  __rtentry2.o(.ARM.Collect$$rtentry$$0000000A)
    __rt_entry_postsh_1                      0x08000217   Thumb Code     0  __rtentry2.o(.ARM.Collect$$rtentry$$00000009)
    __rt_entry_main                          0x0800021b   Thumb Code     0  __rtentry2.o(.ARM.Collect$$rtentry$$0000000D)
    __rt_entry_postli_1                      0x0800021b   Thumb Code     0  __rtentry2.o(.ARM.Collect$$rtentry$$0000000C)
    __rt_exit                                0x08000223   Thumb Code     0  rtexit.o(.ARM.Collect$$rtexit$$00000000)
    __rt_exit_ls                             0x08000225   Thumb Code     0  rtexit2.o(.ARM.Collect$$rtexit$$00000003)
    __rt_exit_prels_1                        0x08000225   Thumb Code     0  rtexit2.o(.ARM.Collect$$rtexit$$00000002)
    __rt_exit_exit                           0x08000229   Thumb Code     0  rtexit2.o(.ARM.Collect$$rtexit$$00000004)
    Reset_Handler                            0x08000231   Thumb Code     8  startup_stm32f407xx.o(.text)
    ADC_IRQHandler                           0x0800024b   Thumb Code     0  startup_stm32f407xx.o(.text)
    CAN1_RX0_IRQHandler                      0x0800024b   Thumb Code     0  startup_stm32f407xx.o(.text)
    CAN1_RX1_IRQHandler                      0x0800024b   Thumb Code     0  startup_stm32f407xx.o(.text)
    CAN1_SCE_IRQHandler                      0x0800024b   Thumb Code     0  startup_stm32f407xx.o(.text)
    CAN1_TX_IRQHandler                       0x0800024b   Thumb Code     0  startup_stm32f407xx.o(.text)
    CAN2_RX0_IRQHandler                      0x0800024b   Thumb Code     0  startup_stm32f407xx.o(.text)
    CAN2_RX1_IRQHandler                      0x0800024b   Thumb Code     0  startup_stm32f407xx.o(.text)
    CAN2_SCE_IRQHandler                      0x0800024b   Thumb Code     0  startup_stm32f407xx.o(.text)
    CAN2_TX_IRQHandler                       0x0800024b   Thumb Code     0  startup_stm32f407xx.o(.text)
    DCMI_IRQHandler                          0x0800024b   Thumb Code     0  startup_stm32f407xx.o(.text)
    DMA1_Stream0_IRQHandler                  0x0800024b   Thumb Code     0  startup_stm32f407xx.o(.text)
    DMA1_Stream1_IRQHandler                  0x0800024b   Thumb Code     0  startup_stm32f407xx.o(.text)
    DMA1_Stream2_IRQHandler                  0x0800024b   Thumb Code     0  startup_stm32f407xx.o(.text)
    DMA1_Stream3_IRQHandler                  0x0800024b   Thumb Code     0  startup_stm32f407xx.o(.text)
    DMA1_Stream4_IRQHandler                  0x0800024b   Thumb Code     0  startup_stm32f407xx.o(.text)
    DMA1_Stream5_IRQHandler                  0x0800024b   Thumb Code     0  startup_stm32f407xx.o(.text)
    DMA1_Stream6_IRQHandler                  0x0800024b   Thumb Code     0  startup_stm32f407xx.o(.text)
    DMA1_Stream7_IRQHandler                  0x0800024b   Thumb Code     0  startup_stm32f407xx.o(.text)
    DMA2_Stream0_IRQHandler                  0x0800024b   Thumb Code     0  startup_stm32f407xx.o(.text)
    DMA2_Stream1_IRQHandler                  0x0800024b   Thumb Code     0  startup_stm32f407xx.o(.text)
    DMA2_Stream2_IRQHandler                  0x0800024b   Thumb Code     0  startup_stm32f407xx.o(.text)
    DMA2_Stream3_IRQHandler                  0x0800024b   Thumb Code     0  startup_stm32f407xx.o(.text)
    DMA2_Stream4_IRQHandler                  0x0800024b   Thumb Code     0  startup_stm32f407xx.o(.text)
    DMA2_Stream5_IRQHandler                  0x0800024b   Thumb Code     0  startup_stm32f407xx.o(.text)
    DMA2_Stream6_IRQHandler                  0x0800024b   Thumb Code     0  startup_stm32f407xx.o(.text)
    DMA2_Stream7_IRQHandler                  0x0800024b   Thumb Code     0  startup_stm32f407xx.o(.text)
    ETH_IRQHandler                           0x0800024b   Thumb Code     0  startup_stm32f407xx.o(.text)
    ETH_WKUP_IRQHandler                      0x0800024b   Thumb Code     0  startup_stm32f407xx.o(.text)
    EXTI0_IRQHandler                         0x0800024b   Thumb Code     0  startup_stm32f407xx.o(.text)
    EXTI15_10_IRQHandler                     0x0800024b   Thumb Code     0  startup_stm32f407xx.o(.text)
    EXTI1_IRQHandler                         0x0800024b   Thumb Code     0  startup_stm32f407xx.o(.text)
    EXTI2_IRQHandler                         0x0800024b   Thumb Code     0  startup_stm32f407xx.o(.text)
    EXTI3_IRQHandler                         0x0800024b   Thumb Code     0  startup_stm32f407xx.o(.text)
    EXTI4_IRQHandler                         0x0800024b   Thumb Code     0  startup_stm32f407xx.o(.text)
    EXTI9_5_IRQHandler                       0x0800024b   Thumb Code     0  startup_stm32f407xx.o(.text)
    FLASH_IRQHandler                         0x0800024b   Thumb Code     0  startup_stm32f407xx.o(.text)
    FMC_IRQHandler                           0x0800024b   Thumb Code     0  startup_stm32f407xx.o(.text)
    FPU_IRQHandler                           0x0800024b   Thumb Code     0  startup_stm32f407xx.o(.text)
    HASH_RNG_IRQHandler                      0x0800024b   Thumb Code     0  startup_stm32f407xx.o(.text)
    I2C1_ER_IRQHandler                       0x0800024b   Thumb Code     0  startup_stm32f407xx.o(.text)
    I2C1_EV_IRQHandler                       0x0800024b   Thumb Code     0  startup_stm32f407xx.o(.text)
    I2C2_ER_IRQHandler                       0x0800024b   Thumb Code     0  startup_stm32f407xx.o(.text)
    I2C2_EV_IRQHandler                       0x0800024b   Thumb Code     0  startup_stm32f407xx.o(.text)
    I2C3_ER_IRQHandler                       0x0800024b   Thumb Code     0  startup_stm32f407xx.o(.text)
    I2C3_EV_IRQHandler                       0x0800024b   Thumb Code     0  startup_stm32f407xx.o(.text)
    OTG_FS_WKUP_IRQHandler                   0x0800024b   Thumb Code     0  startup_stm32f407xx.o(.text)
    OTG_HS_EP1_IN_IRQHandler                 0x0800024b   Thumb Code     0  startup_stm32f407xx.o(.text)
    OTG_HS_EP1_OUT_IRQHandler                0x0800024b   Thumb Code     0  startup_stm32f407xx.o(.text)
    OTG_HS_IRQHandler                        0x0800024b   Thumb Code     0  startup_stm32f407xx.o(.text)
    OTG_HS_WKUP_IRQHandler                   0x0800024b   Thumb Code     0  startup_stm32f407xx.o(.text)
    PVD_IRQHandler                           0x0800024b   Thumb Code     0  startup_stm32f407xx.o(.text)
    RCC_IRQHandler                           0x0800024b   Thumb Code     0  startup_stm32f407xx.o(.text)
    RTC_Alarm_IRQHandler                     0x0800024b   Thumb Code     0  startup_stm32f407xx.o(.text)
    RTC_WKUP_IRQHandler                      0x0800024b   Thumb Code     0  startup_stm32f407xx.o(.text)
    SDIO_IRQHandler                          0x0800024b   Thumb Code     0  startup_stm32f407xx.o(.text)
    SPI1_IRQHandler                          0x0800024b   Thumb Code     0  startup_stm32f407xx.o(.text)
    SPI2_IRQHandler                          0x0800024b   Thumb Code     0  startup_stm32f407xx.o(.text)
    SPI3_IRQHandler                          0x0800024b   Thumb Code     0  startup_stm32f407xx.o(.text)
    TAMP_STAMP_IRQHandler                    0x0800024b   Thumb Code     0  startup_stm32f407xx.o(.text)
    TIM1_BRK_TIM9_IRQHandler                 0x0800024b   Thumb Code     0  startup_stm32f407xx.o(.text)
    TIM1_CC_IRQHandler                       0x0800024b   Thumb Code     0  startup_stm32f407xx.o(.text)
    TIM1_TRG_COM_TIM11_IRQHandler            0x0800024b   Thumb Code     0  startup_stm32f407xx.o(.text)
    TIM1_UP_TIM10_IRQHandler                 0x0800024b   Thumb Code     0  startup_stm32f407xx.o(.text)
    TIM2_IRQHandler                          0x0800024b   Thumb Code     0  startup_stm32f407xx.o(.text)
    TIM3_IRQHandler                          0x0800024b   Thumb Code     0  startup_stm32f407xx.o(.text)
    TIM4_IRQHandler                          0x0800024b   Thumb Code     0  startup_stm32f407xx.o(.text)
    TIM5_IRQHandler                          0x0800024b   Thumb Code     0  startup_stm32f407xx.o(.text)
    TIM6_DAC_IRQHandler                      0x0800024b   Thumb Code     0  startup_stm32f407xx.o(.text)
    TIM7_IRQHandler                          0x0800024b   Thumb Code     0  startup_stm32f407xx.o(.text)
    TIM8_BRK_TIM12_IRQHandler                0x0800024b   Thumb Code     0  startup_stm32f407xx.o(.text)
    TIM8_CC_IRQHandler                       0x0800024b   Thumb Code     0  startup_stm32f407xx.o(.text)
    TIM8_TRG_COM_TIM14_IRQHandler            0x0800024b   Thumb Code     0  startup_stm32f407xx.o(.text)
    TIM8_UP_TIM13_IRQHandler                 0x0800024b   Thumb Code     0  startup_stm32f407xx.o(.text)
    UART4_IRQHandler                         0x0800024b   Thumb Code     0  startup_stm32f407xx.o(.text)
    UART5_IRQHandler                         0x0800024b   Thumb Code     0  startup_stm32f407xx.o(.text)
    USART1_IRQHandler                        0x0800024b   Thumb Code     0  startup_stm32f407xx.o(.text)
    USART2_IRQHandler                        0x0800024b   Thumb Code     0  startup_stm32f407xx.o(.text)
    USART3_IRQHandler                        0x0800024b   Thumb Code     0  startup_stm32f407xx.o(.text)
    USART6_IRQHandler                        0x0800024b   Thumb Code     0  startup_stm32f407xx.o(.text)
    WWDG_IRQHandler                          0x0800024b   Thumb Code     0  startup_stm32f407xx.o(.text)
    __user_initial_stackheap                 0x0800024d   Thumb Code     0  startup_stm32f407xx.o(.text)
    calloc                                   0x08000271   Thumb Code    40  calloc.o(.text)
    free                                     0x08000299   Thumb Code    78  h1_free.o(.text)
    __aeabi_uldivmod                         0x080002e7   Thumb Code     0  lludivv7m.o(.text)
    _ll_udiv                                 0x080002e7   Thumb Code   240  lludivv7m.o(.text)
    __aeabi_memclr                           0x080003d7   Thumb Code     0  rt_memclr.o(.text)
    __rt_memclr                              0x080003d7   Thumb Code     0  rt_memclr.o(.text)
    _memset                                  0x080003db   Thumb Code    64  rt_memclr.o(.text)
    __aeabi_memclr4                          0x0800041b   Thumb Code     0  rt_memclr_w.o(.text)
    __aeabi_memclr8                          0x0800041b   Thumb Code     0  rt_memclr_w.o(.text)
    __rt_memclr_w                            0x0800041b   Thumb Code     0  rt_memclr_w.o(.text)
    _memset_w                                0x0800041f   Thumb Code    74  rt_memclr_w.o(.text)
    __use_two_region_memory                  0x08000469   Thumb Code     2  heapauxi.o(.text)
    __rt_heap_escrow                         0x0800046b   Thumb Code     2  heapauxi.o(.text)
    __rt_heap_expand                         0x0800046d   Thumb Code     2  heapauxi.o(.text)
    __rt_heap_descriptor                     0x08000471   Thumb Code     8  rt_heap_descriptor_intlibspace.o(.text)
    __use_no_heap                            0x08000479   Thumb Code     2  hguard.o(.text)
    __heap$guard                             0x0800047b   Thumb Code     2  hguard.o(.text)
    _terminate_user_alloc                    0x0800047d   Thumb Code     2  init_alloc.o(.text)
    _init_user_alloc                         0x0800047f   Thumb Code     2  init_alloc.o(.text)
    __Heap_Full                              0x08000481   Thumb Code    34  init_alloc.o(.text)
    __Heap_Broken                            0x080004a3   Thumb Code     6  init_alloc.o(.text)
    _init_alloc                              0x080004a9   Thumb Code    94  init_alloc.o(.text)
    malloc                                   0x08000507   Thumb Code    94  h1_alloc.o(.text)
    __user_libspace                          0x08000565   Thumb Code     8  libspace.o(.text)
    __user_perproc_libspace                  0x08000565   Thumb Code     0  libspace.o(.text)
    __user_perthread_libspace                0x08000565   Thumb Code     0  libspace.o(.text)
    __Heap_Initialize                        0x0800056d   Thumb Code    10  h1_init.o(.text)
    _maybe_terminate_alloc                   0x0800056d   Thumb Code     0  maybetermalloc1.o(.text)
    __Heap_DescSize                          0x08000577   Thumb Code     4  h1_init.o(.text)
    __Heap_ProvideMemory                     0x0800057b   Thumb Code    52  h1_extend.o(.text)
    __rt_SIGRTMEM                            0x080005af   Thumb Code    14  defsig_rtmem_outer.o(.text)
    __user_setup_stackheap                   0x080005bd   Thumb Code    74  sys_stackheap_outer.o(.text)
    exit                                     0x08000607   Thumb Code    18  exit.o(.text)
    __sig_exit                               0x08000619   Thumb Code    10  defsig_exit.o(.text)
    __rt_SIGRTMEM_inner                      0x08000625   Thumb Code    22  defsig_rtmem_inner.o(.text)
    _sys_exit                                0x08000675   Thumb Code     8  sys_exit.o(.text)
    __I$use$semihosting                      0x08000681   Thumb Code     0  use_no_semi.o(.text)
    __use_no_semihosting_swi                 0x08000681   Thumb Code     2  use_no_semi.o(.text)
    __default_signal_display                 0x08000683   Thumb Code    50  defsig_general.o(.text)
    __semihosting_library_function           0x08000683   Thumb Code     0  indicate_semi.o(.text)
    _ttywrch                                 0x080006b5   Thumb Code    14  sys_wrch.o(.text)
    BusFault_Handler                         0x080006c5   Thumb Code     2  stm32f4xx_it.o(.text.BusFault_Handler)
    DebugMon_Handler                         0x080006c9   Thumb Code     2  stm32f4xx_it.o(.text.DebugMon_Handler)
    Error_Handler                            0x080006cd   Thumb Code    10  main.o(.text.Error_Handler)
    HAL_Delay                                0x080006d9   Thumb Code    40  stm32f4xx_hal.o(.text.HAL_Delay)
    HAL_GPIO_Init                            0x08000701   Thumb Code   422  stm32f4xx_hal_gpio.o(.text.HAL_GPIO_Init)
    HAL_GPIO_WritePin                        0x080008a9   Thumb Code    10  stm32f4xx_hal_gpio.o(.text.HAL_GPIO_WritePin)
    HAL_GetTick                              0x080008b5   Thumb Code    12  stm32f4xx_hal.o(.text.HAL_GetTick)
    HAL_HCD_Connect_Callback                 0x080008c1   Thumb Code     8  usbh_conf.o(.text.HAL_HCD_Connect_Callback)
    HAL_HCD_Disconnect_Callback              0x080008c9   Thumb Code     8  usbh_conf.o(.text.HAL_HCD_Disconnect_Callback)
    HAL_HCD_GetCurrentFrame                  0x080008d1   Thumb Code     6  stm32f4xx_hal_hcd.o(.text.HAL_HCD_GetCurrentFrame)
    HAL_HCD_GetCurrentSpeed                  0x080008d9   Thumb Code     6  stm32f4xx_hal_hcd.o(.text.HAL_HCD_GetCurrentSpeed)
    HAL_HCD_HC_GetURBState                   0x080008e1   Thumb Code    12  stm32f4xx_hal_hcd.o(.text.HAL_HCD_HC_GetURBState)
    HAL_HCD_HC_GetXferCount                  0x080008ed   Thumb Code    10  stm32f4xx_hal_hcd.o(.text.HAL_HCD_HC_GetXferCount)
    HAL_HCD_HC_Halt                          0x080008f9   Thumb Code    36  stm32f4xx_hal_hcd.o(.text.HAL_HCD_HC_Halt)
    HAL_HCD_HC_Init                          0x0800091d   Thumb Code   102  stm32f4xx_hal_hcd.o(.text.HAL_HCD_HC_Init)
    HAL_HCD_HC_NotifyURBChange_Callback      0x08000985   Thumb Code     2  usbh_conf.o(.text.HAL_HCD_HC_NotifyURBChange_Callback)
    HAL_HCD_HC_SubmitRequest                 0x08000989   Thumb Code   180  stm32f4xx_hal_hcd.o(.text.HAL_HCD_HC_SubmitRequest)
    HAL_HCD_IRQHandler                       0x08000a3d   Thumb Code  1706  stm32f4xx_hal_hcd.o(.text.HAL_HCD_IRQHandler)
    HAL_HCD_Init                             0x080010e9   Thumb Code   190  stm32f4xx_hal_hcd.o(.text.HAL_HCD_Init)
    HAL_HCD_MspInit                          0x080011a9   Thumb Code   152  usbh_conf.o(.text.HAL_HCD_MspInit)
    HAL_HCD_PortDisabled_Callback            0x08001241   Thumb Code     8  usbh_conf.o(.text.HAL_HCD_PortDisabled_Callback)
    HAL_HCD_PortEnabled_Callback             0x08001249   Thumb Code     8  usbh_conf.o(.text.HAL_HCD_PortEnabled_Callback)
    HAL_HCD_ResetPort                        0x08001251   Thumb Code     6  stm32f4xx_hal_hcd.o(.text.HAL_HCD_ResetPort)
    HAL_HCD_SOF_Callback                     0x08001259   Thumb Code     8  usbh_conf.o(.text.HAL_HCD_SOF_Callback)
    HAL_HCD_Start                            0x08001261   Thumb Code    44  stm32f4xx_hal_hcd.o(.text.HAL_HCD_Start)
    HAL_HCD_Stop                             0x0800128d   Thumb Code    36  stm32f4xx_hal_hcd.o(.text.HAL_HCD_Stop)
    HAL_I2C_Init                             0x080012b1   Thumb Code   374  stm32f4xx_hal_i2c.o(.text.HAL_I2C_Init)
    HAL_I2C_MspInit                          0x08001429   Thumb Code   108  stm32f4xx_hal_msp.o(.text.HAL_I2C_MspInit)
    HAL_I2SEx_FullDuplex_IRQHandler          0x08001495   Thumb Code   630  stm32f4xx_hal_i2s_ex.o(.text.HAL_I2SEx_FullDuplex_IRQHandler)
    HAL_I2SEx_TxRxCpltCallback               0x0800170d   Thumb Code     2  stm32f4xx_hal_i2s_ex.o(.text.HAL_I2SEx_TxRxCpltCallback)
    HAL_I2S_ErrorCallback                    0x08001711   Thumb Code     2  stm32f4xx_hal_i2s.o(.text.HAL_I2S_ErrorCallback)
    HAL_I2S_Init                             0x08001715   Thumb Code   366  stm32f4xx_hal_i2s.o(.text.HAL_I2S_Init)
    HAL_I2S_MspInit                          0x08001885   Thumb Code   188  stm32f4xx_hal_msp.o(.text.HAL_I2S_MspInit)
    HAL_I2S_RxCpltCallback                   0x08001941   Thumb Code     2  stm32f4xx_hal_i2s.o(.text.HAL_I2S_RxCpltCallback)
    HAL_I2S_TxCpltCallback                   0x08001945   Thumb Code     2  stm32f4xx_hal_i2s.o(.text.HAL_I2S_TxCpltCallback)
    HAL_IncTick                              0x08001949   Thumb Code    26  stm32f4xx_hal.o(.text.HAL_IncTick)
    HAL_Init                                 0x08001965   Thumb Code    54  stm32f4xx_hal.o(.text.HAL_Init)
    HAL_InitTick                             0x0800199d   Thumb Code    72  stm32f4xx_hal.o(.text.HAL_InitTick)
    HAL_MspInit                              0x080019e5   Thumb Code    60  stm32f4xx_hal_msp.o(.text.HAL_MspInit)
    HAL_NVIC_EnableIRQ                       0x08001a21   Thumb Code    38  stm32f4xx_hal_cortex.o(.text.HAL_NVIC_EnableIRQ)
    HAL_NVIC_SetPriority                     0x08001a49   Thumb Code    86  stm32f4xx_hal_cortex.o(.text.HAL_NVIC_SetPriority)
    HAL_NVIC_SetPriorityGrouping             0x08001aa1   Thumb Code    32  stm32f4xx_hal_cortex.o(.text.HAL_NVIC_SetPriorityGrouping)
    HAL_RCCEx_GetPeriphCLKFreq               0x08001ac1   Thumb Code    80  stm32f4xx_hal_rcc_ex.o(.text.HAL_RCCEx_GetPeriphCLKFreq)
    HAL_RCCEx_PeriphCLKConfig                0x08001b11   Thumb Code   330  stm32f4xx_hal_rcc_ex.o(.text.HAL_RCCEx_PeriphCLKConfig)
    HAL_RCC_CSSCallback                      0x08001c5d   Thumb Code     2  stm32f4xx_hal_rcc.o(.text.HAL_RCC_CSSCallback)
    HAL_RCC_ClockConfig                      0x08001c61   Thumb Code   352  stm32f4xx_hal_rcc.o(.text.HAL_RCC_ClockConfig)
    HAL_RCC_EnableCSS                        0x08001dc1   Thumb Code    12  stm32f4xx_hal_rcc.o(.text.HAL_RCC_EnableCSS)
    HAL_RCC_GetPCLK1Freq                     0x08001dcd   Thumb Code    38  stm32f4xx_hal_rcc.o(.text.HAL_RCC_GetPCLK1Freq)
    HAL_RCC_GetSysClockFreq                  0x08001df5   Thumb Code   108  stm32f4xx_hal_rcc.o(.text.HAL_RCC_GetSysClockFreq)
    HAL_RCC_NMI_IRQHandler                   0x08001e61   Thumb Code    28  stm32f4xx_hal_rcc.o(.text.HAL_RCC_NMI_IRQHandler)
    HAL_RCC_OscConfig                        0x08001e7d   Thumb Code   884  stm32f4xx_hal_rcc.o(.text.HAL_RCC_OscConfig)
    HAL_SPI_Init                             0x080021f1   Thumb Code   180  stm32f4xx_hal_spi.o(.text.HAL_SPI_Init)
    HAL_SPI_MspInit                          0x080022a5   Thumb Code   104  stm32f4xx_hal_msp.o(.text.HAL_SPI_MspInit)
    HAL_SYSTICK_Config                       0x0800230d   Thumb Code    44  stm32f4xx_hal_cortex.o(.text.HAL_SYSTICK_Config)
    HAL_TIM_Base_Init                        0x08002339   Thumb Code    90  stm32f4xx_hal_tim.o(.text.HAL_TIM_Base_Init)
    HAL_TIM_Base_MspInit                     0x08002395   Thumb Code    54  stm32f4xx_hal_msp.o(.text.HAL_TIM_Base_MspInit)
    HAL_TIM_MspPostInit                      0x080023cd   Thumb Code    86  stm32f4xx_hal_msp.o(.text.HAL_TIM_MspPostInit)
    HAL_TIM_PWM_ConfigChannel                0x08002425   Thumb Code   546  stm32f4xx_hal_tim.o(.text.HAL_TIM_PWM_ConfigChannel)
    HAL_TIM_PWM_Init                         0x08002649   Thumb Code    90  stm32f4xx_hal_tim.o(.text.HAL_TIM_PWM_Init)
    HAL_TIM_PWM_MspInit                      0x080026a5   Thumb Code     2  stm32f4xx_hal_tim.o(.text.HAL_TIM_PWM_MspInit)
    HAL_TIM_PWM_Start                        0x080026a9   Thumb Code   274  stm32f4xx_hal_tim.o(.text.HAL_TIM_PWM_Start)
    HardFault_Handler                        0x080027bd   Thumb Code     2  stm32f4xx_it.o(.text.HardFault_Handler)
    MX_DriverVbusFS                          0x080028c5   Thumb Code    24  usbh_platform.o(.text.MX_DriverVbusFS)
    MX_USB_HOST_Init                         0x080028dd   Thumb Code    86  usb_host.o(.text.MX_USB_HOST_Init)
    MX_USB_HOST_Process                      0x08002935   Thumb Code    12  usb_host.o(.text.MX_USB_HOST_Process)
    MemManage_Handler                        0x08002941   Thumb Code     2  stm32f4xx_it.o(.text.MemManage_Handler)
    NMI_Handler                              0x08002945   Thumb Code     6  stm32f4xx_it.o(.text.NMI_Handler)
    OTG_FS_IRQHandler                        0x0800294d   Thumb Code    12  stm32f4xx_it.o(.text.OTG_FS_IRQHandler)
    PendSV_Handler                           0x08002959   Thumb Code     2  stm32f4xx_it.o(.text.PendSV_Handler)
    SVC_Handler                              0x0800295d   Thumb Code     2  stm32f4xx_it.o(.text.SVC_Handler)
    SysTick_Handler                          0x08002961   Thumb Code     4  stm32f4xx_it.o(.text.SysTick_Handler)
    SystemClock_Config                       0x08002965   Thumb Code   176  main.o(.text.SystemClock_Config)
    SystemInit                               0x08002a15   Thumb Code    18  system_stm32f4xx.o(.text.SystemInit)
    TIM_Base_SetConfig                       0x08002a29   Thumb Code   316  stm32f4xx_hal_tim.o(.text.TIM_Base_SetConfig)
    USBH_AllocPipe                           0x08002b65   Thumb Code   210  usbh_pipes.o(.text.USBH_AllocPipe)
    USBH_BulkReceiveData                     0x08002c39   Thumb Code    40  usbh_ioreq.o(.text.USBH_BulkReceiveData)
    USBH_BulkSendData                        0x08002c61   Thumb Code    50  usbh_ioreq.o(.text.USBH_BulkSendData)
    USBH_CDC_LineCodingChanged               0x08002e99   Thumb Code     2  usbh_cdc.o(.text.USBH_CDC_LineCodingChanged)
    USBH_CDC_ReceiveCallback                 0x08003049   Thumb Code     2  usbh_cdc.o(.text.USBH_CDC_ReceiveCallback)
    USBH_CDC_TransmitCallback                0x08003051   Thumb Code     2  usbh_cdc.o(.text.USBH_CDC_TransmitCallback)
    USBH_ClosePipe                           0x08003055   Thumb Code    10  usbh_pipes.o(.text.USBH_ClosePipe)
    USBH_ClrFeature                          0x08003061   Thumb Code    26  usbh_ctlreq.o(.text.USBH_ClrFeature)
    USBH_CtlReceiveData                      0x0800307d   Thumb Code    40  usbh_ioreq.o(.text.USBH_CtlReceiveData)
    USBH_CtlReq                              0x080030a5   Thumb Code   504  usbh_ctlreq.o(.text.USBH_CtlReq)
    USBH_CtlSendData                         0x0800329d   Thumb Code    50  usbh_ioreq.o(.text.USBH_CtlSendData)
    USBH_CtlSendSetup                        0x080032d1   Thumb Code    36  usbh_ioreq.o(.text.USBH_CtlSendSetup)
    USBH_Delay                               0x080032f5   Thumb Code     4  usbh_conf.o(.text.USBH_Delay)
    USBH_FindInterface                       0x080032f9   Thumb Code   274  usbh_core.o(.text.USBH_FindInterface)
    USBH_FreePipe                            0x0800340d   Thumb Code    24  usbh_pipes.o(.text.USBH_FreePipe)
    USBH_Get_CfgDesc                         0x08003425   Thumb Code   594  usbh_ctlreq.o(.text.USBH_Get_CfgDesc)
    USBH_Get_DevDesc                         0x08003679   Thumb Code   154  usbh_ctlreq.o(.text.USBH_Get_DevDesc)
    USBH_Get_StringDesc                      0x08003715   Thumb Code   168  usbh_ctlreq.o(.text.USBH_Get_StringDesc)
    USBH_Init                                0x080037bd   Thumb Code   104  usbh_core.o(.text.USBH_Init)
    USBH_LL_ClosePipe                        0x08003825   Thumb Code    34  usbh_conf.o(.text.USBH_LL_ClosePipe)
    USBH_LL_Connect                          0x08003849   Thumb Code    22  usbh_core.o(.text.USBH_LL_Connect)
    USBH_LL_Disconnect                       0x08003861   Thumb Code    46  usbh_core.o(.text.USBH_LL_Disconnect)
    USBH_LL_DriverVBUS                       0x08003891   Thumb Code    26  usbh_conf.o(.text.USBH_LL_DriverVBUS)
    USBH_LL_GetLastXferSize                  0x080038ad   Thumb Code     8  usbh_conf.o(.text.USBH_LL_GetLastXferSize)
    USBH_LL_GetSpeed                         0x080038b5   Thumb Code    20  usbh_conf.o(.text.USBH_LL_GetSpeed)
    USBH_LL_GetURBState                      0x080038c9   Thumb Code     8  usbh_conf.o(.text.USBH_LL_GetURBState)
    USBH_LL_IncTimer                         0x080038d1   Thumb Code    30  usbh_core.o(.text.USBH_LL_IncTimer)
    USBH_LL_Init                             0x080038f1   Thumb Code    90  usbh_conf.o(.text.USBH_LL_Init)
    USBH_LL_OpenPipe                         0x0800394d   Thumb Code    50  usbh_conf.o(.text.USBH_LL_OpenPipe)
    USBH_LL_PortDisabled                     0x08003981   Thumb Code     8  usbh_core.o(.text.USBH_LL_PortDisabled)
    USBH_LL_PortEnabled                      0x08003989   Thumb Code     8  usbh_core.o(.text.USBH_LL_PortEnabled)
    USBH_LL_ResetPort                        0x08003991   Thumb Code    34  usbh_conf.o(.text.USBH_LL_ResetPort)
    USBH_LL_SetTimer                         0x080039b5   Thumb Code     6  usbh_core.o(.text.USBH_LL_SetTimer)
    USBH_LL_SetToggle                        0x080039bd   Thumb Code    30  usbh_conf.o(.text.USBH_LL_SetToggle)
    USBH_LL_Start                            0x080039dd   Thumb Code    34  usbh_conf.o(.text.USBH_LL_Start)
    USBH_LL_Stop                             0x08003a01   Thumb Code    34  usbh_conf.o(.text.USBH_LL_Stop)
    USBH_LL_SubmitURB                        0x08003a25   Thumb Code    54  usbh_conf.o(.text.USBH_LL_SubmitURB)
    USBH_OpenPipe                            0x08003a5d   Thumb Code    26  usbh_pipes.o(.text.USBH_OpenPipe)
    USBH_Process                             0x08003a79   Thumb Code  1208  usbh_core.o(.text.USBH_Process)
    USBH_RegisterClass                       0x08003f31   Thumb Code    26  usbh_core.o(.text.USBH_RegisterClass)
    USBH_SelectInterface                     0x08003f4d   Thumb Code    18  usbh_core.o(.text.USBH_SelectInterface)
    USBH_SetAddress                          0x08003f61   Thumb Code    26  usbh_ctlreq.o(.text.USBH_SetAddress)
    USBH_SetCfg                              0x08003f7d   Thumb Code    26  usbh_ctlreq.o(.text.USBH_SetCfg)
    USBH_SetFeature                          0x08003f99   Thumb Code    26  usbh_ctlreq.o(.text.USBH_SetFeature)
    USBH_Start                               0x08003fb5   Thumb Code    20  usbh_core.o(.text.USBH_Start)
    USB_CoreInit                             0x08004005   Thumb Code   478  stm32f4xx_ll_usb.o(.text.USB_CoreInit)
    USB_DisableGlobalInt                     0x080041e5   Thumb Code    14  stm32f4xx_ll_usb.o(.text.USB_DisableGlobalInt)
    USB_DriveVbus                            0x080041f5   Thumb Code    76  stm32f4xx_ll_usb.o(.text.USB_DriveVbus)
    USB_EnableGlobalInt                      0x08004241   Thumb Code    14  stm32f4xx_ll_usb.o(.text.USB_EnableGlobalInt)
    USB_FlushRxFifo                          0x08004251   Thumb Code   182  stm32f4xx_ll_usb.o(.text.USB_FlushRxFifo)
    USB_FlushTxFifo                          0x08004309   Thumb Code   182  stm32f4xx_ll_usb.o(.text.USB_FlushTxFifo)
    USB_GetCurrentFrame                      0x080043c1   Thumb Code     8  stm32f4xx_ll_usb.o(.text.USB_GetCurrentFrame)
    USB_GetHostSpeed                         0x080043c9   Thumb Code    22  stm32f4xx_ll_usb.o(.text.USB_GetHostSpeed)
    USB_GetMode                              0x080043e1   Thumb Code     8  stm32f4xx_ll_usb.o(.text.USB_GetMode)
    USB_HC_Halt                              0x080043e9   Thumb Code   350  stm32f4xx_ll_usb.o(.text.USB_HC_Halt)
    USB_HC_Init                              0x08004549   Thumb Code   280  stm32f4xx_ll_usb.o(.text.USB_HC_Init)
    USB_HC_ReadInterrupt                     0x08004661   Thumb Code     8  stm32f4xx_ll_usb.o(.text.USB_HC_ReadInterrupt)
    USB_HC_StartXfer                         0x08004669   Thumb Code   470  stm32f4xx_ll_usb.o(.text.USB_HC_StartXfer)
    USB_HostInit                             0x08004841   Thumb Code   628  stm32f4xx_ll_usb.o(.text.USB_HostInit)
    USB_InitFSLSPClkSel                      0x08004ab5   Thumb Code    56  stm32f4xx_ll_usb.o(.text.USB_InitFSLSPClkSel)
    USB_ReadInterrupts                       0x08004aed   Thumb Code     8  stm32f4xx_ll_usb.o(.text.USB_ReadInterrupts)
    USB_ReadPacket                           0x08004af5   Thumb Code   170  stm32f4xx_ll_usb.o(.text.USB_ReadPacket)
    USB_ResetPort                            0x08004ba1   Thumb Code    62  stm32f4xx_ll_usb.o(.text.USB_ResetPort)
    USB_SetCurrentMode                       0x08004be1   Thumb Code   100  stm32f4xx_ll_usb.o(.text.USB_SetCurrentMode)
    USB_StopHost                             0x08004c45   Thumb Code  2336  stm32f4xx_ll_usb.o(.text.USB_StopHost)
    UsageFault_Handler                       0x08005565   Thumb Code     2  stm32f4xx_it.o(.text.UsageFault_Handler)
    main                                     0x08005569   Thumb Code   728  main.o(.text.main)
    _fp_init                                 0x08005841   Thumb Code    26  fpinit.o(x$fpl$fpinit)
    __fplib_config_fpu_vfp                   0x08005859   Thumb Code     0  fpinit.o(x$fpl$fpinit)
    __fplib_config_pureend_doubles           0x08005859   Thumb Code     0  fpinit.o(x$fpl$fpinit)
    AHBPrescTable                            0x0800585a   Data          16  system_stm32f4xx.o(.rodata.AHBPrescTable)
    APBPrescTable                            0x0800586a   Data           8  system_stm32f4xx.o(.rodata.APBPrescTable)
    Region$$Table$$Base                      0x08005878   Number         0  anon$$obj.o(Region$$Table)
    Region$$Table$$Limit                     0x08005898   Number         0  anon$$obj.o(Region$$Table)
    uwTickFreq                               0x20000000   Data           1  stm32f4xx_hal.o(.data..L_MergedGlobals)
    uwTickPrio                               0x20000004   Data           4  stm32f4xx_hal.o(.data..L_MergedGlobals)
    CDC_Class                                0x20000008   Data          32  usbh_cdc.o(.data.CDC_Class)
    SystemCoreClock                          0x20000028   Data           4  system_stm32f4xx.o(.data.SystemCoreClock)
    __libspace_start                         0x20000030   Data          96  libspace.o(.bss)
    Appli_state                              0x20000090   Data           1  usb_host.o(.bss.Appli_state)
    __temporary_stack_top$libspace           0x20000090   Data           0  libspace.o(.bss)
    hUsbHostFS                               0x20000094   Data         984  usb_host.o(.bss.hUsbHostFS)
    hhcd_USB_OTG_FS                          0x2000046c   Data         772  usbh_conf.o(.bss.hhcd_USB_OTG_FS)
    hi2c1                                    0x20000770   Data          84  main.o(.bss.hi2c1)
    hi2s3                                    0x200007c4   Data          72  main.o(.bss.hi2s3)
    hspi1                                    0x2000080c   Data          88  main.o(.bss.hspi1)
    htim10                                   0x20000864   Data          72  main.o(.bss.htim10)
    uwTick                                   0x200008ac   Data           4  stm32f4xx_hal.o(.bss.uwTick)



==============================================================================

Memory Map of the image

  Image Entry point : 0x08000189

  Load Region LR_IROM1 (Base: 0x08000000, Size: 0x000058c8, Max: 0x00100000, ABSOLUTE)

    Execution Region ER_IROM1 (Exec base: 0x08000000, Load base: 0x08000000, Size: 0x00005898, Max: 0x00100000, ABSOLUTE)

    Exec Addr    Load Addr    Size         Type   Attr      Idx    E Section Name        Object

    0x08000000   0x08000000   0x00000188   Data   RO            3    RESET               startup_stm32f407xx.o
    0x08000188   0x08000188   0x00000008   Code   RO         1600  * !!!main             c_w.l(__main.o)
    0x08000190   0x08000190   0x00000034   Code   RO         1825    !!!scatter          c_w.l(__scatter.o)
    0x080001c4   0x080001c4   0x0000001a   Code   RO         1827    !!handler_copy      c_w.l(__scatter_copy.o)
    0x080001de   0x080001de   0x00000002   PAD
    0x080001e0   0x080001e0   0x0000001c   Code   RO         1829    !!handler_zi        c_w.l(__scatter_zi.o)
    0x080001fc   0x080001fc   0x00000002   Code   RO         1751    .ARM.Collect$$libinit$$00000000  c_w.l(libinit.o)
    0x080001fe   0x080001fe   0x00000004   Code   RO         1675    .ARM.Collect$$libinit$$00000001  c_w.l(libinit2.o)
    0x08000202   0x08000202   0x00000000   Code   RO         1678    .ARM.Collect$$libinit$$00000004  c_w.l(libinit2.o)
    0x08000202   0x08000202   0x00000000   Code   RO         1680    .ARM.Collect$$libinit$$00000006  c_w.l(libinit2.o)
    0x08000202   0x08000202   0x00000008   Code   RO         1681    .ARM.Collect$$libinit$$00000007  c_w.l(libinit2.o)
    0x0800020a   0x0800020a   0x00000000   Code   RO         1683    .ARM.Collect$$libinit$$0000000C  c_w.l(libinit2.o)
    0x0800020a   0x0800020a   0x00000000   Code   RO         1685    .ARM.Collect$$libinit$$0000000E  c_w.l(libinit2.o)
    0x0800020a   0x0800020a   0x00000000   Code   RO         1687    .ARM.Collect$$libinit$$00000010  c_w.l(libinit2.o)
    0x0800020a   0x0800020a   0x00000000   Code   RO         1690    .ARM.Collect$$libinit$$00000013  c_w.l(libinit2.o)
    0x0800020a   0x0800020a   0x00000000   Code   RO         1692    .ARM.Collect$$libinit$$00000015  c_w.l(libinit2.o)
    0x0800020a   0x0800020a   0x00000000   Code   RO         1694    .ARM.Collect$$libinit$$00000017  c_w.l(libinit2.o)
    0x0800020a   0x0800020a   0x00000000   Code   RO         1696    .ARM.Collect$$libinit$$00000019  c_w.l(libinit2.o)
    0x0800020a   0x0800020a   0x00000000   Code   RO         1698    .ARM.Collect$$libinit$$0000001B  c_w.l(libinit2.o)
    0x0800020a   0x0800020a   0x00000000   Code   RO         1700    .ARM.Collect$$libinit$$0000001D  c_w.l(libinit2.o)
    0x0800020a   0x0800020a   0x00000000   Code   RO         1702    .ARM.Collect$$libinit$$0000001F  c_w.l(libinit2.o)
    0x0800020a   0x0800020a   0x00000000   Code   RO         1704    .ARM.Collect$$libinit$$00000021  c_w.l(libinit2.o)
    0x0800020a   0x0800020a   0x00000000   Code   RO         1706    .ARM.Collect$$libinit$$00000023  c_w.l(libinit2.o)
    0x0800020a   0x0800020a   0x00000000   Code   RO         1708    .ARM.Collect$$libinit$$00000025  c_w.l(libinit2.o)
    0x0800020a   0x0800020a   0x00000000   Code   RO         1710    .ARM.Collect$$libinit$$00000027  c_w.l(libinit2.o)
    0x0800020a   0x0800020a   0x00000000   Code   RO         1714    .ARM.Collect$$libinit$$0000002E  c_w.l(libinit2.o)
    0x0800020a   0x0800020a   0x00000000   Code   RO         1716    .ARM.Collect$$libinit$$00000030  c_w.l(libinit2.o)
    0x0800020a   0x0800020a   0x00000000   Code   RO         1718    .ARM.Collect$$libinit$$00000032  c_w.l(libinit2.o)
    0x0800020a   0x0800020a   0x00000000   Code   RO         1720    .ARM.Collect$$libinit$$00000034  c_w.l(libinit2.o)
    0x0800020a   0x0800020a   0x00000002   Code   RO         1721    .ARM.Collect$$libinit$$00000035  c_w.l(libinit2.o)
    0x0800020c   0x0800020c   0x00000002   Code   RO         1822    .ARM.Collect$$libshutdown$$00000000  c_w.l(libshutdown.o)
    0x0800020e   0x0800020e   0x00000000   Code   RO         1778    .ARM.Collect$$libshutdown$$00000002  c_w.l(libshutdown2.o)
    0x0800020e   0x0800020e   0x00000000   Code   RO         1780    .ARM.Collect$$libshutdown$$00000004  c_w.l(libshutdown2.o)
    0x0800020e   0x0800020e   0x00000000   Code   RO         1783    .ARM.Collect$$libshutdown$$00000007  c_w.l(libshutdown2.o)
    0x0800020e   0x0800020e   0x00000000   Code   RO         1786    .ARM.Collect$$libshutdown$$0000000A  c_w.l(libshutdown2.o)
    0x0800020e   0x0800020e   0x00000000   Code   RO         1788    .ARM.Collect$$libshutdown$$0000000C  c_w.l(libshutdown2.o)
    0x0800020e   0x0800020e   0x00000000   Code   RO         1791    .ARM.Collect$$libshutdown$$0000000F  c_w.l(libshutdown2.o)
    0x0800020e   0x0800020e   0x00000002   Code   RO         1792    .ARM.Collect$$libshutdown$$00000010  c_w.l(libshutdown2.o)
    0x08000210   0x08000210   0x00000000   Code   RO         1604    .ARM.Collect$$rtentry$$00000000  c_w.l(__rtentry.o)
    0x08000210   0x08000210   0x00000000   Code   RO         1640    .ARM.Collect$$rtentry$$00000002  c_w.l(__rtentry2.o)
    0x08000210   0x08000210   0x00000006   Code   RO         1652    .ARM.Collect$$rtentry$$00000004  c_w.l(__rtentry4.o)
    0x08000216   0x08000216   0x00000000   Code   RO         1642    .ARM.Collect$$rtentry$$00000009  c_w.l(__rtentry2.o)
    0x08000216   0x08000216   0x00000004   Code   RO         1643    .ARM.Collect$$rtentry$$0000000A  c_w.l(__rtentry2.o)
    0x0800021a   0x0800021a   0x00000000   Code   RO         1645    .ARM.Collect$$rtentry$$0000000C  c_w.l(__rtentry2.o)
    0x0800021a   0x0800021a   0x00000008   Code   RO         1646    .ARM.Collect$$rtentry$$0000000D  c_w.l(__rtentry2.o)
    0x08000222   0x08000222   0x00000002   Code   RO         1761    .ARM.Collect$$rtexit$$00000000  c_w.l(rtexit.o)
    0x08000224   0x08000224   0x00000000   Code   RO         1798    .ARM.Collect$$rtexit$$00000002  c_w.l(rtexit2.o)
    0x08000224   0x08000224   0x00000004   Code   RO         1799    .ARM.Collect$$rtexit$$00000003  c_w.l(rtexit2.o)
    0x08000228   0x08000228   0x00000006   Code   RO         1800    .ARM.Collect$$rtexit$$00000004  c_w.l(rtexit2.o)
    0x0800022e   0x0800022e   0x00000002   PAD
    0x08000230   0x08000230   0x00000040   Code   RO            4    .text               startup_stm32f407xx.o
    0x08000270   0x08000270   0x00000028   Code   RO         1536    .text               c_w.l(calloc.o)
    0x08000298   0x08000298   0x0000004e   Code   RO         1538    .text               c_w.l(h1_free.o)
    0x080002e6   0x080002e6   0x000000f0   Code   RO         1592    .text               c_w.l(lludivv7m.o)
    0x080003d6   0x080003d6   0x00000044   Code   RO         1594    .text               c_w.l(rt_memclr.o)
    0x0800041a   0x0800041a   0x0000004e   Code   RO         1596    .text               c_w.l(rt_memclr_w.o)
    0x08000468   0x08000468   0x00000006   Code   RO         1598    .text               c_w.l(heapauxi.o)
    0x0800046e   0x0800046e   0x00000002   PAD
    0x08000470   0x08000470   0x00000008   Code   RO         1612    .text               c_w.l(rt_heap_descriptor_intlibspace.o)
    0x08000478   0x08000478   0x00000004   Code   RO         1614    .text               c_w.l(hguard.o)
    0x0800047c   0x0800047c   0x0000008a   Code   RO         1616    .text               c_w.l(init_alloc.o)
    0x08000506   0x08000506   0x0000005e   Code   RO         1622    .text               c_w.l(h1_alloc.o)
    0x08000564   0x08000564   0x00000008   Code   RO         1636    .text               c_w.l(libspace.o)
    0x0800056c   0x0800056c   0x00000000   Code   RO         1656    .text               c_w.l(maybetermalloc1.o)
    0x0800056c   0x0800056c   0x0000000e   Code   RO         1658    .text               c_w.l(h1_init.o)
    0x0800057a   0x0800057a   0x00000034   Code   RO         1660    .text               c_w.l(h1_extend.o)
    0x080005ae   0x080005ae   0x0000000e   Code   RO         1666    .text               c_w.l(defsig_rtmem_outer.o)
    0x080005bc   0x080005bc   0x0000004a   Code   RO         1726    .text               c_w.l(sys_stackheap_outer.o)
    0x08000606   0x08000606   0x00000012   Code   RO         1734    .text               c_w.l(exit.o)
    0x08000618   0x08000618   0x0000000a   Code   RO         1736    .text               c_w.l(defsig_exit.o)
    0x08000622   0x08000622   0x00000002   PAD
    0x08000624   0x08000624   0x00000050   Code   RO         1742    .text               c_w.l(defsig_rtmem_inner.o)
    0x08000674   0x08000674   0x0000000c   Code   RO         1754    .text               c_w.l(sys_exit.o)
    0x08000680   0x08000680   0x00000002   Code   RO         1758    .text               c_w.l(use_no_semi.o)
    0x08000682   0x08000682   0x00000000   Code   RO         1760    .text               c_w.l(indicate_semi.o)
    0x08000682   0x08000682   0x00000032   Code   RO         1769    .text               c_w.l(defsig_general.o)
    0x080006b4   0x080006b4   0x0000000e   Code   RO         1793    .text               c_w.l(sys_wrch.o)
    0x080006c2   0x080006c2   0x00000002   PAD
    0x080006c4   0x080006c4   0x00000002   Code   RO           36    .text.BusFault_Handler  stm32f4xx_it.o
    0x080006c6   0x080006c6   0x00000002   PAD
    0x080006c8   0x080006c8   0x00000002   Code   RO           42    .text.DebugMon_Handler  stm32f4xx_it.o
    0x080006ca   0x080006ca   0x00000002   PAD
    0x080006cc   0x080006cc   0x0000000a   Code   RO           15    .text.Error_Handler  main.o
    0x080006d6   0x080006d6   0x00000002   PAD
    0x080006d8   0x080006d8   0x00000028   Code   RO          636    .text.HAL_Delay     stm32f4xx_hal.o
    0x08000700   0x08000700   0x000001a6   Code   RO          437    .text.HAL_GPIO_Init  stm32f4xx_hal_gpio.o
    0x080008a6   0x080008a6   0x00000002   PAD
    0x080008a8   0x080008a8   0x0000000a   Code   RO          443    .text.HAL_GPIO_WritePin  stm32f4xx_hal_gpio.o
    0x080008b2   0x080008b2   0x00000002   PAD
    0x080008b4   0x080008b4   0x0000000c   Code   RO          628    .text.HAL_GetTick   stm32f4xx_hal.o
    0x080008c0   0x080008c0   0x00000008   Code   RO          107    .text.HAL_HCD_Connect_Callback  usbh_conf.o
    0x080008c8   0x080008c8   0x00000008   Code   RO          109    .text.HAL_HCD_Disconnect_Callback  usbh_conf.o
    0x080008d0   0x080008d0   0x00000006   Code   RO          211    .text.HAL_HCD_GetCurrentFrame  stm32f4xx_hal_hcd.o
    0x080008d6   0x080008d6   0x00000002   PAD
    0x080008d8   0x080008d8   0x00000006   Code   RO          213    .text.HAL_HCD_GetCurrentSpeed  stm32f4xx_hal_hcd.o
    0x080008de   0x080008de   0x00000002   PAD
    0x080008e0   0x080008e0   0x0000000c   Code   RO          205    .text.HAL_HCD_HC_GetURBState  stm32f4xx_hal_hcd.o
    0x080008ec   0x080008ec   0x0000000a   Code   RO          207    .text.HAL_HCD_HC_GetXferCount  stm32f4xx_hal_hcd.o
    0x080008f6   0x080008f6   0x00000002   PAD
    0x080008f8   0x080008f8   0x00000024   Code   RO          173    .text.HAL_HCD_HC_Halt  stm32f4xx_hal_hcd.o
    0x0800091c   0x0800091c   0x00000066   Code   RO          171    .text.HAL_HCD_HC_Init  stm32f4xx_hal_hcd.o
    0x08000982   0x08000982   0x00000002   PAD
    0x08000984   0x08000984   0x00000002   Code   RO          111    .text.HAL_HCD_HC_NotifyURBChange_Callback  usbh_conf.o
    0x08000986   0x08000986   0x00000002   PAD
    0x08000988   0x08000988   0x000000b4   Code   RO          179    .text.HAL_HCD_HC_SubmitRequest  stm32f4xx_hal_hcd.o
    0x08000a3c   0x08000a3c   0x000006aa   Code   RO          181    .text.HAL_HCD_IRQHandler  stm32f4xx_hal_hcd.o
    0x080010e6   0x080010e6   0x00000002   PAD
    0x080010e8   0x080010e8   0x000000be   Code   RO          167    .text.HAL_HCD_Init  stm32f4xx_hal_hcd.o
    0x080011a6   0x080011a6   0x00000002   PAD
    0x080011a8   0x080011a8   0x00000098   Code   RO          101    .text.HAL_HCD_MspInit  usbh_conf.o
    0x08001240   0x08001240   0x00000008   Code   RO          115    .text.HAL_HCD_PortDisabled_Callback  usbh_conf.o
    0x08001248   0x08001248   0x00000008   Code   RO          113    .text.HAL_HCD_PortEnabled_Callback  usbh_conf.o
    0x08001250   0x08001250   0x00000006   Code   RO          201    .text.HAL_HCD_ResetPort  stm32f4xx_hal_hcd.o
    0x08001256   0x08001256   0x00000002   PAD
    0x08001258   0x08001258   0x00000008   Code   RO          105    .text.HAL_HCD_SOF_Callback  usbh_conf.o
    0x08001260   0x08001260   0x0000002c   Code   RO          197    .text.HAL_HCD_Start  stm32f4xx_hal_hcd.o
    0x0800128c   0x0800128c   0x00000024   Code   RO          199    .text.HAL_HCD_Stop  stm32f4xx_hal_hcd.o
    0x080012b0   0x080012b0   0x00000176   Code   RO          706    .text.HAL_I2C_Init  stm32f4xx_hal_i2c.o
    0x08001426   0x08001426   0x00000002   PAD
    0x08001428   0x08001428   0x0000006c   Code   RO           59    .text.HAL_I2C_MspInit  stm32f4xx_hal_msp.o
    0x08001494   0x08001494   0x00000276   Code   RO          917    .text.HAL_I2SEx_FullDuplex_IRQHandler  stm32f4xx_hal_i2s_ex.o
    0x0800170a   0x0800170a   0x00000002   PAD
    0x0800170c   0x0800170c   0x00000002   Code   RO          921    .text.HAL_I2SEx_TxRxCpltCallback  stm32f4xx_hal_i2s_ex.o
    0x0800170e   0x0800170e   0x00000002   PAD
    0x08001710   0x08001710   0x00000002   Code   RO          891    .text.HAL_I2S_ErrorCallback  stm32f4xx_hal_i2s.o
    0x08001712   0x08001712   0x00000002   PAD
    0x08001714   0x08001714   0x0000016e   Code   RO          841    .text.HAL_I2S_Init  stm32f4xx_hal_i2s.o
    0x08001882   0x08001882   0x00000002   PAD
    0x08001884   0x08001884   0x000000bc   Code   RO           63    .text.HAL_I2S_MspInit  stm32f4xx_hal_msp.o
    0x08001940   0x08001940   0x00000002   Code   RO          889    .text.HAL_I2S_RxCpltCallback  stm32f4xx_hal_i2s.o
    0x08001942   0x08001942   0x00000002   PAD
    0x08001944   0x08001944   0x00000002   Code   RO          885    .text.HAL_I2S_TxCpltCallback  stm32f4xx_hal_i2s.o
    0x08001946   0x08001946   0x00000002   PAD
    0x08001948   0x08001948   0x0000001a   Code   RO          626    .text.HAL_IncTick   stm32f4xx_hal.o
    0x08001962   0x08001962   0x00000002   PAD
    0x08001964   0x08001964   0x00000036   Code   RO          616    .text.HAL_Init      stm32f4xx_hal.o
    0x0800199a   0x0800199a   0x00000002   PAD
    0x0800199c   0x0800199c   0x00000048   Code   RO          618    .text.HAL_InitTick  stm32f4xx_hal.o
    0x080019e4   0x080019e4   0x0000003c   Code   RO           57    .text.HAL_MspInit   stm32f4xx_hal_msp.o
    0x08001a20   0x08001a20   0x00000026   Code   RO          574    .text.HAL_NVIC_EnableIRQ  stm32f4xx_hal_cortex.o
    0x08001a46   0x08001a46   0x00000002   PAD
    0x08001a48   0x08001a48   0x00000056   Code   RO          572    .text.HAL_NVIC_SetPriority  stm32f4xx_hal_cortex.o
    0x08001a9e   0x08001a9e   0x00000002   PAD
    0x08001aa0   0x08001aa0   0x00000020   Code   RO          570    .text.HAL_NVIC_SetPriorityGrouping  stm32f4xx_hal_cortex.o
    0x08001ac0   0x08001ac0   0x00000050   Code   RO          367    .text.HAL_RCCEx_GetPeriphCLKFreq  stm32f4xx_hal_rcc_ex.o
    0x08001b10   0x08001b10   0x0000014a   Code   RO          363    .text.HAL_RCCEx_PeriphCLKConfig  stm32f4xx_hal_rcc_ex.o
    0x08001c5a   0x08001c5a   0x00000002   PAD
    0x08001c5c   0x08001c5c   0x00000002   Code   RO          353    .text.HAL_RCC_CSSCallback  stm32f4xx_hal_rcc.o
    0x08001c5e   0x08001c5e   0x00000002   PAD
    0x08001c60   0x08001c60   0x00000160   Code   RO          331    .text.HAL_RCC_ClockConfig  stm32f4xx_hal_rcc.o
    0x08001dc0   0x08001dc0   0x0000000c   Code   RO          337    .text.HAL_RCC_EnableCSS  stm32f4xx_hal_rcc.o
    0x08001dcc   0x08001dcc   0x00000026   Code   RO          343    .text.HAL_RCC_GetPCLK1Freq  stm32f4xx_hal_rcc.o
    0x08001df2   0x08001df2   0x00000002   PAD
    0x08001df4   0x08001df4   0x0000006c   Code   RO          333    .text.HAL_RCC_GetSysClockFreq  stm32f4xx_hal_rcc.o
    0x08001e60   0x08001e60   0x0000001c   Code   RO          351    .text.HAL_RCC_NMI_IRQHandler  stm32f4xx_hal_rcc.o
    0x08001e7c   0x08001e7c   0x00000374   Code   RO          329    .text.HAL_RCC_OscConfig  stm32f4xx_hal_rcc.o
    0x080021f0   0x080021f0   0x000000b4   Code   RO          931    .text.HAL_SPI_Init  stm32f4xx_hal_spi.o
    0x080022a4   0x080022a4   0x00000068   Code   RO           67    .text.HAL_SPI_MspInit  stm32f4xx_hal_msp.o
    0x0800230c   0x0800230c   0x0000002c   Code   RO          582    .text.HAL_SYSTICK_Config  stm32f4xx_hal_cortex.o
    0x08002338   0x08002338   0x0000005a   Code   RO         1045    .text.HAL_TIM_Base_Init  stm32f4xx_hal_tim.o
    0x08002392   0x08002392   0x00000002   PAD
    0x08002394   0x08002394   0x00000036   Code   RO           71    .text.HAL_TIM_Base_MspInit  stm32f4xx_hal_msp.o
    0x080023ca   0x080023ca   0x00000002   PAD
    0x080023cc   0x080023cc   0x00000056   Code   RO           73    .text.HAL_TIM_MspPostInit  stm32f4xx_hal_msp.o
    0x08002422   0x08002422   0x00000002   PAD
    0x08002424   0x08002424   0x00000222   Code   RO         1199    .text.HAL_TIM_PWM_ConfigChannel  stm32f4xx_hal_tim.o
    0x08002646   0x08002646   0x00000002   PAD
    0x08002648   0x08002648   0x0000005a   Code   RO         1099    .text.HAL_TIM_PWM_Init  stm32f4xx_hal_tim.o
    0x080026a2   0x080026a2   0x00000002   PAD
    0x080026a4   0x080026a4   0x00000002   Code   RO         1101    .text.HAL_TIM_PWM_MspInit  stm32f4xx_hal_tim.o
    0x080026a6   0x080026a6   0x00000002   PAD
    0x080026a8   0x080026a8   0x00000112   Code   RO         1107    .text.HAL_TIM_PWM_Start  stm32f4xx_hal_tim.o
    0x080027ba   0x080027ba   0x00000002   PAD
    0x080027bc   0x080027bc   0x00000002   Code   RO           32    .text.HardFault_Handler  stm32f4xx_it.o
    0x080027be   0x080027be   0x00000002   PAD
    0x080027c0   0x080027c0   0x00000104   Code   RO          843    .text.I2S_IRQHandler  stm32f4xx_hal_i2s.o
    0x080028c4   0x080028c4   0x00000018   Code   RO          158    .text.MX_DriverVbusFS  usbh_platform.o
    0x080028dc   0x080028dc   0x00000056   Code   RO           85    .text.MX_USB_HOST_Init  usb_host.o
    0x08002932   0x08002932   0x00000002   PAD
    0x08002934   0x08002934   0x0000000c   Code   RO           89    .text.MX_USB_HOST_Process  usb_host.o
    0x08002940   0x08002940   0x00000002   Code   RO           34    .text.MemManage_Handler  stm32f4xx_it.o
    0x08002942   0x08002942   0x00000002   PAD
    0x08002944   0x08002944   0x00000006   Code   RO           30    .text.NMI_Handler   stm32f4xx_it.o
    0x0800294a   0x0800294a   0x00000002   PAD
    0x0800294c   0x0800294c   0x0000000c   Code   RO           48    .text.OTG_FS_IRQHandler  stm32f4xx_it.o
    0x08002958   0x08002958   0x00000002   Code   RO           44    .text.PendSV_Handler  stm32f4xx_it.o
    0x0800295a   0x0800295a   0x00000002   PAD
    0x0800295c   0x0800295c   0x00000002   Code   RO           40    .text.SVC_Handler   stm32f4xx_it.o
    0x0800295e   0x0800295e   0x00000002   PAD
    0x08002960   0x08002960   0x00000004   Code   RO           46    .text.SysTick_Handler  stm32f4xx_it.o
    0x08002964   0x08002964   0x000000b0   Code   RO           13    .text.SystemClock_Config  main.o
    0x08002a14   0x08002a14   0x00000012   Code   RO         1364    .text.SystemInit    system_stm32f4xx.o
    0x08002a26   0x08002a26   0x00000002   PAD
    0x08002a28   0x08002a28   0x0000013c   Code   RO         1049    .text.TIM_Base_SetConfig  stm32f4xx_hal_tim.o
    0x08002b64   0x08002b64   0x000000d2   Code   RO         1483    .text.USBH_AllocPipe  usbh_pipes.o
    0x08002c36   0x08002c36   0x00000002   PAD
    0x08002c38   0x08002c38   0x00000028   Code   RO         1461    .text.USBH_BulkReceiveData  usbh_ioreq.o
    0x08002c60   0x08002c60   0x00000032   Code   RO         1459    .text.USBH_BulkSendData  usbh_ioreq.o
    0x08002c92   0x08002c92   0x00000002   PAD
    0x08002c94   0x08002c94   0x0000003e   Code   RO         1499    .text.USBH_CDC_ClassRequest  usbh_cdc.o
    0x08002cd2   0x08002cd2   0x00000002   PAD
    0x08002cd4   0x08002cd4   0x00000064   Code   RO         1497    .text.USBH_CDC_InterfaceDeInit  usbh_cdc.o
    0x08002d38   0x08002d38   0x0000015e   Code   RO         1495    .text.USBH_CDC_InterfaceInit  usbh_cdc.o
    0x08002e96   0x08002e96   0x00000002   PAD
    0x08002e98   0x08002e98   0x00000002   Code   RO         1521    .text.USBH_CDC_LineCodingChanged  usbh_cdc.o
    0x08002e9a   0x08002e9a   0x00000002   PAD
    0x08002e9c   0x08002e9c   0x000001ac   Code   RO         1501    .text.USBH_CDC_Process  usbh_cdc.o
    0x08003048   0x08003048   0x00000002   Code   RO         1519    .text.USBH_CDC_ReceiveCallback  usbh_cdc.o
    0x0800304a   0x0800304a   0x00000002   PAD
    0x0800304c   0x0800304c   0x00000004   Code   RO         1503    .text.USBH_CDC_SOFProcess  usbh_cdc.o
    0x08003050   0x08003050   0x00000002   Code   RO         1517    .text.USBH_CDC_TransmitCallback  usbh_cdc.o
    0x08003052   0x08003052   0x00000002   PAD
    0x08003054   0x08003054   0x0000000a   Code   RO         1481    .text.USBH_ClosePipe  usbh_pipes.o
    0x0800305e   0x0800305e   0x00000002   PAD
    0x08003060   0x08003060   0x0000001a   Code   RO         1441    .text.USBH_ClrFeature  usbh_ctlreq.o
    0x0800307a   0x0800307a   0x00000002   PAD
    0x0800307c   0x0800307c   0x00000028   Code   RO         1457    .text.USBH_CtlReceiveData  usbh_ioreq.o
    0x080030a4   0x080030a4   0x000001f8   Code   RO         1431    .text.USBH_CtlReq   usbh_ctlreq.o
    0x0800329c   0x0800329c   0x00000032   Code   RO         1455    .text.USBH_CtlSendData  usbh_ioreq.o
    0x080032ce   0x080032ce   0x00000002   PAD
    0x080032d0   0x080032d0   0x00000024   Code   RO         1453    .text.USBH_CtlSendSetup  usbh_ioreq.o
    0x080032f4   0x080032f4   0x00000004   Code   RO          147    .text.USBH_Delay    usbh_conf.o
    0x080032f8   0x080032f8   0x00000112   Code   RO         1389    .text.USBH_FindInterface  usbh_core.o
    0x0800340a   0x0800340a   0x00000002   PAD
    0x0800340c   0x0800340c   0x00000018   Code   RO         1485    .text.USBH_FreePipe  usbh_pipes.o
    0x08003424   0x08003424   0x00000252   Code   RO         1427    .text.USBH_Get_CfgDesc  usbh_ctlreq.o
    0x08003676   0x08003676   0x00000002   PAD
    0x08003678   0x08003678   0x0000009a   Code   RO         1423    .text.USBH_Get_DevDesc  usbh_ctlreq.o
    0x08003712   0x08003712   0x00000002   PAD
    0x08003714   0x08003714   0x000000a8   Code   RO         1429    .text.USBH_Get_StringDesc  usbh_ctlreq.o
    0x080037bc   0x080037bc   0x00000068   Code   RO         1379    .text.USBH_Init     usbh_core.o
    0x08003824   0x08003824   0x00000022   Code   RO          135    .text.USBH_LL_ClosePipe  usbh_conf.o
    0x08003846   0x08003846   0x00000002   PAD
    0x08003848   0x08003848   0x00000016   Code   RO         1411    .text.USBH_LL_Connect  usbh_core.o
    0x0800385e   0x0800385e   0x00000002   PAD
    0x08003860   0x08003860   0x0000002e   Code   RO         1413    .text.USBH_LL_Disconnect  usbh_core.o
    0x0800388e   0x0800388e   0x00000002   PAD
    0x08003890   0x08003890   0x0000001a   Code   RO          141    .text.USBH_LL_DriverVBUS  usbh_conf.o
    0x080038aa   0x080038aa   0x00000002   PAD
    0x080038ac   0x080038ac   0x00000008   Code   RO          131    .text.USBH_LL_GetLastXferSize  usbh_conf.o
    0x080038b4   0x080038b4   0x00000014   Code   RO          127    .text.USBH_LL_GetSpeed  usbh_conf.o
    0x080038c8   0x080038c8   0x00000008   Code   RO          139    .text.USBH_LL_GetURBState  usbh_conf.o
    0x080038d0   0x080038d0   0x0000001e   Code   RO         1405    .text.USBH_LL_IncTimer  usbh_core.o
    0x080038ee   0x080038ee   0x00000002   PAD
    0x080038f0   0x080038f0   0x0000005a   Code   RO          117    .text.USBH_LL_Init  usbh_conf.o
    0x0800394a   0x0800394a   0x00000002   PAD
    0x0800394c   0x0800394c   0x00000032   Code   RO          133    .text.USBH_LL_OpenPipe  usbh_conf.o
    0x0800397e   0x0800397e   0x00000002   PAD
    0x08003980   0x08003980   0x00000008   Code   RO         1409    .text.USBH_LL_PortDisabled  usbh_core.o
    0x08003988   0x08003988   0x00000008   Code   RO         1407    .text.USBH_LL_PortEnabled  usbh_core.o
    0x08003990   0x08003990   0x00000022   Code   RO          129    .text.USBH_LL_ResetPort  usbh_conf.o
    0x080039b2   0x080039b2   0x00000002   PAD
    0x080039b4   0x080039b4   0x00000006   Code   RO         1403    .text.USBH_LL_SetTimer  usbh_core.o
    0x080039ba   0x080039ba   0x00000002   PAD
    0x080039bc   0x080039bc   0x0000001e   Code   RO          143    .text.USBH_LL_SetToggle  usbh_conf.o
    0x080039da   0x080039da   0x00000002   PAD
    0x080039dc   0x080039dc   0x00000022   Code   RO          123    .text.USBH_LL_Start  usbh_conf.o
    0x080039fe   0x080039fe   0x00000002   PAD
    0x08003a00   0x08003a00   0x00000022   Code   RO          125    .text.USBH_LL_Stop  usbh_conf.o
    0x08003a22   0x08003a22   0x00000002   PAD
    0x08003a24   0x08003a24   0x00000036   Code   RO          137    .text.USBH_LL_SubmitURB  usbh_conf.o
    0x08003a5a   0x08003a5a   0x00000002   PAD
    0x08003a5c   0x08003a5c   0x0000001a   Code   RO         1479    .text.USBH_OpenPipe  usbh_pipes.o
    0x08003a76   0x08003a76   0x00000002   PAD
    0x08003a78   0x08003a78   0x000004b8   Code   RO         1401    .text.USBH_Process  usbh_core.o
    0x08003f30   0x08003f30   0x0000001a   Code   RO         1383    .text.USBH_RegisterClass  usbh_core.o
    0x08003f4a   0x08003f4a   0x00000002   PAD
    0x08003f4c   0x08003f4c   0x00000012   Code   RO         1385    .text.USBH_SelectInterface  usbh_core.o
    0x08003f5e   0x08003f5e   0x00000002   PAD
    0x08003f60   0x08003f60   0x0000001a   Code   RO         1433    .text.USBH_SetAddress  usbh_ctlreq.o
    0x08003f7a   0x08003f7a   0x00000002   PAD
    0x08003f7c   0x08003f7c   0x0000001a   Code   RO         1435    .text.USBH_SetCfg   usbh_ctlreq.o
    0x08003f96   0x08003f96   0x00000002   PAD
    0x08003f98   0x08003f98   0x0000001a   Code   RO         1439    .text.USBH_SetFeature  usbh_ctlreq.o
    0x08003fb2   0x08003fb2   0x00000002   PAD
    0x08003fb4   0x08003fb4   0x00000014   Code   RO         1393    .text.USBH_Start    usbh_core.o
    0x08003fc8   0x08003fc8   0x0000003a   Code   RO           87    .text.USBH_UserProcess  usb_host.o
    0x08004002   0x08004002   0x00000002   PAD
    0x08004004   0x08004004   0x000001de   Code   RO          223    .text.USB_CoreInit  stm32f4xx_ll_usb.o
    0x080041e2   0x080041e2   0x00000002   PAD
    0x080041e4   0x080041e4   0x0000000e   Code   RO          229    .text.USB_DisableGlobalInt  stm32f4xx_ll_usb.o
    0x080041f2   0x080041f2   0x00000002   PAD
    0x080041f4   0x080041f4   0x0000004c   Code   RO          297    .text.USB_DriveVbus  stm32f4xx_ll_usb.o
    0x08004240   0x08004240   0x0000000e   Code   RO          227    .text.USB_EnableGlobalInt  stm32f4xx_ll_usb.o
    0x0800424e   0x0800424e   0x00000002   PAD
    0x08004250   0x08004250   0x000000b6   Code   RO          241    .text.USB_FlushRxFifo  stm32f4xx_ll_usb.o
    0x08004306   0x08004306   0x00000002   PAD
    0x08004308   0x08004308   0x000000b6   Code   RO          239    .text.USB_FlushTxFifo  stm32f4xx_ll_usb.o
    0x080043be   0x080043be   0x00000002   PAD
    0x080043c0   0x080043c0   0x00000008   Code   RO          301    .text.USB_GetCurrentFrame  stm32f4xx_ll_usb.o
    0x080043c8   0x080043c8   0x00000016   Code   RO          299    .text.USB_GetHostSpeed  stm32f4xx_ll_usb.o
    0x080043de   0x080043de   0x00000002   PAD
    0x080043e0   0x080043e0   0x00000008   Code   RO          233    .text.USB_GetMode   stm32f4xx_ll_usb.o
    0x080043e8   0x080043e8   0x0000015e   Code   RO          311    .text.USB_HC_Halt   stm32f4xx_ll_usb.o
    0x08004546   0x08004546   0x00000002   PAD
    0x08004548   0x08004548   0x00000118   Code   RO          303    .text.USB_HC_Init   stm32f4xx_ll_usb.o
    0x08004660   0x08004660   0x00000008   Code   RO          309    .text.USB_HC_ReadInterrupt  stm32f4xx_ll_usb.o
    0x08004668   0x08004668   0x000001d6   Code   RO          305    .text.USB_HC_StartXfer  stm32f4xx_ll_usb.o
    0x0800483e   0x0800483e   0x00000002   PAD
    0x08004840   0x08004840   0x00000274   Code   RO          291    .text.USB_HostInit  stm32f4xx_ll_usb.o
    0x08004ab4   0x08004ab4   0x00000038   Code   RO          293    .text.USB_InitFSLSPClkSel  stm32f4xx_ll_usb.o
    0x08004aec   0x08004aec   0x00000008   Code   RO          275    .text.USB_ReadInterrupts  stm32f4xx_ll_usb.o
    0x08004af4   0x08004af4   0x000000aa   Code   RO          261    .text.USB_ReadPacket  stm32f4xx_ll_usb.o
    0x08004b9e   0x08004b9e   0x00000002   PAD
    0x08004ba0   0x08004ba0   0x0000003e   Code   RO          295    .text.USB_ResetPort  stm32f4xx_ll_usb.o
    0x08004bde   0x08004bde   0x00000002   PAD
    0x08004be0   0x08004be0   0x00000064   Code   RO          231    .text.USB_SetCurrentMode  stm32f4xx_ll_usb.o
    0x08004c44   0x08004c44   0x00000920   Code   RO          313    .text.USB_StopHost  stm32f4xx_ll_usb.o
    0x08005564   0x08005564   0x00000002   Code   RO           38    .text.UsageFault_Handler  stm32f4xx_it.o
    0x08005566   0x08005566   0x00000002   PAD
    0x08005568   0x08005568   0x000002d8   Code   RO           11    .text.main          main.o
    0x08005840   0x08005840   0x0000001a   Code   RO         1752    x$fpl$fpinit        fz_wm.l(fpinit.o)
    0x0800585a   0x0800585a   0x00000010   Data   RO         1369    .rodata.AHBPrescTable  system_stm32f4xx.o
    0x0800586a   0x0800586a   0x00000008   Data   RO         1370    .rodata.APBPrescTable  system_stm32f4xx.o
    0x08005872   0x08005872   0x00000004   Data   RO         1523    .rodata.str1.1      usbh_cdc.o
    0x08005876   0x08005876   0x00000002   PAD
    0x08005878   0x08005878   0x00000020   Data   RO         1824    Region$$Table       anon$$obj.o


    Execution Region RW_IRAM1 (Exec base: 0x20000000, Load base: 0x08005898, Size: 0x00000eb0, Max: 0x0001c000, ABSOLUTE)

    Exec Addr    Load Addr    Size         Type   Attr      Idx    E Section Name        Object

    0x20000000   0x08005898   0x00000008   Data   RW          671    .data..L_MergedGlobals  stm32f4xx_hal.o
    0x20000008   0x080058a0   0x00000020   Data   RW         1524    .data.CDC_Class     usbh_cdc.o
    0x20000028   0x080058c0   0x00000004   Data   RW         1368    .data.SystemCoreClock  system_stm32f4xx.o
    0x2000002c   0x080058c4   0x00000004   PAD
    0x20000030        -       0x00000060   Zero   RW         1637    .bss                c_w.l(libspace.o)
    0x20000090        -       0x00000001   Zero   RW           91    .bss.Appli_state    usb_host.o
    0x20000091   0x080058c4   0x00000003   PAD
    0x20000094        -       0x000003d8   Zero   RW           92    .bss.hUsbHostFS     usb_host.o
    0x2000046c        -       0x00000304   Zero   RW          149    .bss.hhcd_USB_OTG_FS  usbh_conf.o
    0x20000770        -       0x00000054   Zero   RW           18    .bss.hi2c1          main.o
    0x200007c4        -       0x00000048   Zero   RW           19    .bss.hi2s3          main.o
    0x2000080c        -       0x00000058   Zero   RW           20    .bss.hspi1          main.o
    0x20000864        -       0x00000048   Zero   RW           17    .bss.htim10         main.o
    0x200008ac        -       0x00000004   Zero   RW          670    .bss.uwTick         stm32f4xx_hal.o
    0x200008b0        -       0x00000200   Zero   RW            2    HEAP                startup_stm32f407xx.o
    0x20000ab0        -       0x00000400   Zero   RW            1    STACK               startup_stm32f407xx.o


    Execution Region RW_IRAM2 (Exec base: 0x2001c000, Load base: 0x080058c8, Size: 0x00000000, Max: 0x00004000, ABSOLUTE)

    **** No section assigned to this execution region ****


==============================================================================

Image component sizes


      Code (inc. data)   RO Data    RW Data    ZI Data      Debug   Object Name

       914          0          0          0        316      10441   main.o
        64         26        392          0       1536        840   startup_stm32f407xx.o
       204          0          0          8          4       7289   stm32f4xx_hal.o
       200          0          0          0          0      10519   stm32f4xx_hal_cortex.o
       432          0          0          0          0       5252   stm32f4xx_hal_gpio.o
      2334         34          0          0          0      13307   stm32f4xx_hal_hcd.o
       374          0          0          0          0      53689   stm32f4xx_hal_i2c.o
       632          0          0          0          0      14419   stm32f4xx_hal_i2s.o
       632          0          0          0          0      10104   stm32f4xx_hal_i2s_ex.o
       600          0          0          0          0      10687   stm32f4xx_hal_msp.o
      1424          0          0          0          0       7417   stm32f4xx_hal_rcc.o
       410          0          0          0          0       4408   stm32f4xx_hal_rcc_ex.o
       180          0          0          0          0      26043   stm32f4xx_hal_spi.o
      1318          4          0          0          0      55030   stm32f4xx_hal_tim.o
        36          0          0          0          0       3974   stm32f4xx_it.o
      5452         10          0          0          0      32452   stm32f4xx_ll_usb.o
        18          0         24          4          0       2642   system_stm32f4xx.o
       156          0          0          0        985       5792   usb_host.o
       950          8          4         32          0      12985   usbh_cdc.o
       620          0          0          0        772      17871   usbh_conf.o
      1770         40          0          0          0      12518   usbh_core.o
      1524         20          0          0          0      13848   usbh_ctlreq.o
       216          0          0          0          0       8177   usbh_ioreq.o
       270          0          0          0          0       6607   usbh_pipes.o
        24          0          0          0          0       1369   usbh_platform.o

    ----------------------------------------------------------------------
     20924        142        454         44       3620     347680   Object Totals
         0          0         32          0          0          0   (incl. Generated)
       170          0          2          0          7          0   (incl. Padding)

    ----------------------------------------------------------------------

      Code (inc. data)   RO Data    RW Data    ZI Data      Debug   Library Member Name

         8          0          0          0          0         68   __main.o
         0          0          0          0          0          0   __rtentry.o
        12          0          0          0          0          0   __rtentry2.o
         6          0          0          0          0          0   __rtentry4.o
        52          8          0          0          0          0   __scatter.o
        26          0          0          0          0          0   __scatter_copy.o
        28          0          0          0          0          0   __scatter_zi.o
        40          0          0          0          0         80   calloc.o
        10          0          0          0          0         68   defsig_exit.o
        50          0          0          0          0         88   defsig_general.o
        80         58          0          0          0         76   defsig_rtmem_inner.o
        14          0          0          0          0         80   defsig_rtmem_outer.o
        18          0          0          0          0         80   exit.o
        94          0          0          0          0         80   h1_alloc.o
        52          0          0          0          0         68   h1_extend.o
        78          0          0          0          0         80   h1_free.o
        14          0          0          0          0         84   h1_init.o
         6          0          0          0          0        152   heapauxi.o
         4          0          0          0          0        136   hguard.o
         0          0          0          0          0          0   indicate_semi.o
       138          0          0          0          0        168   init_alloc.o
         2          0          0          0          0          0   libinit.o
        14          0          0          0          0          0   libinit2.o
         2          0          0          0          0          0   libshutdown.o
         2          0          0          0          0          0   libshutdown2.o
         8          4          0          0         96         68   libspace.o
       240          0          0          0          0        100   lludivv7m.o
         0          0          0          0          0          0   maybetermalloc1.o
         8          4          0          0          0         68   rt_heap_descriptor_intlibspace.o
        68          0          0          0          0         68   rt_memclr.o
        78          0          0          0          0         80   rt_memclr_w.o
         2          0          0          0          0          0   rtexit.o
        10          0          0          0          0          0   rtexit2.o
        12          4          0          0          0         68   sys_exit.o
        74          0          0          0          0         80   sys_stackheap_outer.o
        14          0          0          0          0         76   sys_wrch.o
         2          0          0          0          0         68   use_no_semi.o
        26          0          0          0          0        116   fpinit.o

    ----------------------------------------------------------------------
      1302         78          0          0         96       2100   Library Totals
        10          0          0          0          0          0   (incl. Padding)

    ----------------------------------------------------------------------

      Code (inc. data)   RO Data    RW Data    ZI Data      Debug   Library Name

      1266         78          0          0         96       1984   c_w.l
        26          0          0          0          0        116   fz_wm.l

    ----------------------------------------------------------------------
      1302         78          0          0         96       2100   Library Totals

    ----------------------------------------------------------------------

==============================================================================


      Code (inc. data)   RO Data    RW Data    ZI Data      Debug   

     22226        220        454         44       3716     348280   Grand Totals
     22226        220        454         44       3716     348280   ELF Image Totals
     22226        220        454         44          0          0   ROM Totals

==============================================================================

    Total RO  Size (Code + RO Data)                22680 (  22.15kB)
    Total RW  Size (RW Data + ZI Data)              3760 (   3.67kB)
    Total ROM Size (Code + RO Data + RW Data)      22724 (  22.19kB)

==============================================================================

